Archive member included because of file (symbol)

D:\Dropbox\__Lab Dev\2016_mbed\mbed_UART0\mbed\TARGET_LPC1768\TOOLCHAIN_GCC_CR\libmbed.a(analogin_api.o)
                              ./main.o (analogin_init)
D:\Dropbox\__Lab Dev\2016_mbed\mbed_UART0\mbed\TARGET_LPC1768\TOOLCHAIN_GCC_CR\libmbed.a(serial_api.o)
                              D:/Dropbox/__Lab Dev/2016_mbed/mbed_UART0/mbed/TARGET_LPC1768/TOOLCHAIN_GCC_CR/retarget.o (serial_getc)
D:\Dropbox\__Lab Dev\2016_mbed\mbed_UART0\mbed\TARGET_LPC1768\TOOLCHAIN_GCC_CR\libmbed.a(FilePath.o)
                              D:/Dropbox/__Lab Dev/2016_mbed/mbed_UART0/mbed/TARGET_LPC1768/TOOLCHAIN_GCC_CR/retarget.o (mbed::FilePath::FilePath(char const*))
D:\Dropbox\__Lab Dev\2016_mbed\mbed_UART0\mbed\TARGET_LPC1768\TOOLCHAIN_GCC_CR\libmbed.a(FileSystemLike.o)
                              D:/Dropbox/__Lab Dev/2016_mbed/mbed_UART0/mbed/TARGET_LPC1768/TOOLCHAIN_GCC_CR/retarget.o (mbed::FileSystemLike::opendir())
D:\Dropbox\__Lab Dev\2016_mbed\mbed_UART0\mbed\TARGET_LPC1768\TOOLCHAIN_GCC_CR\libmbed.a(Serial.o)
                              ./main.o (mbed::Serial::Serial(PinName, PinName, char const*))
D:\Dropbox\__Lab Dev\2016_mbed\mbed_UART0\mbed\TARGET_LPC1768\TOOLCHAIN_GCC_CR\libmbed.a(SerialBase.o)
                              D:\Dropbox\__Lab Dev\2016_mbed\mbed_UART0\mbed\TARGET_LPC1768\TOOLCHAIN_GCC_CR\libmbed.a(Serial.o) (mbed::SerialBase::SerialBase(PinName, PinName))
D:\Dropbox\__Lab Dev\2016_mbed\mbed_UART0\mbed\TARGET_LPC1768\TOOLCHAIN_GCC_CR\libmbed.a(Stream.o)
                              D:\Dropbox\__Lab Dev\2016_mbed\mbed_UART0\mbed\TARGET_LPC1768\TOOLCHAIN_GCC_CR\libmbed.a(Serial.o) (mbed::Stream::close())
D:\Dropbox\__Lab Dev\2016_mbed\mbed_UART0\mbed\TARGET_LPC1768\TOOLCHAIN_GCC_CR\libmbed.a(assert.o)
                              D:/Dropbox/__Lab Dev/2016_mbed/mbed_UART0/mbed/TARGET_LPC1768/TOOLCHAIN_GCC_CR/board.o (mbed_assert_internal)
D:\Dropbox\__Lab Dev\2016_mbed\mbed_UART0\mbed\TARGET_LPC1768\TOOLCHAIN_GCC_CR\libmbed.a(error.o)
                              D:/Dropbox/__Lab Dev/2016_mbed/mbed_UART0/mbed/TARGET_LPC1768/TOOLCHAIN_GCC_CR/retarget.o (error)
D:\Dropbox\__Lab Dev\2016_mbed\mbed_UART0\mbed\TARGET_LPC1768\TOOLCHAIN_GCC_CR\libmbed.a(gpio.o)
                              D:\Dropbox\__Lab Dev\2016_mbed\mbed_UART0\mbed\TARGET_LPC1768\TOOLCHAIN_GCC_CR\libmbed.a(serial_api.o) (gpio_init_in)
D:\Dropbox\__Lab Dev\2016_mbed\mbed_UART0\mbed\TARGET_LPC1768\TOOLCHAIN_GCC_CR\libmbed.a(mbed_interface.o)
                              D:/Dropbox/__Lab Dev/2016_mbed/mbed_UART0/mbed/TARGET_LPC1768/TOOLCHAIN_GCC_CR/retarget.o (mbed_interface_connected)
D:\Dropbox\__Lab Dev\2016_mbed\mbed_UART0\mbed\TARGET_LPC1768\TOOLCHAIN_GCC_CR\libmbed.a(pinmap_common.o)
                              D:\Dropbox\__Lab Dev\2016_mbed\mbed_UART0\mbed\TARGET_LPC1768\TOOLCHAIN_GCC_CR\libmbed.a(analogin_api.o) (pinmap_pinout)
D:\Dropbox\__Lab Dev\2016_mbed\mbed_UART0\mbed\TARGET_LPC1768\TOOLCHAIN_GCC_CR\libmbed.a(semihost_api.o)
                              D:/Dropbox/__Lab Dev/2016_mbed/mbed_UART0/mbed/TARGET_LPC1768/TOOLCHAIN_GCC_CR/retarget.o (semihost_exit)
D:\Dropbox\__Lab Dev\2016_mbed\mbed_UART0\mbed\TARGET_LPC1768\TOOLCHAIN_GCC_CR\libmbed.a(wait_api.o)
                              D:\Dropbox\__Lab Dev\2016_mbed\mbed_UART0\mbed\TARGET_LPC1768\TOOLCHAIN_GCC_CR\libmbed.a(SerialBase.o) (wait_us)
D:\Dropbox\__Lab Dev\2016_mbed\mbed_UART0\mbed\TARGET_LPC1768\TOOLCHAIN_GCC_CR\libmbed.a(gpio_api.o)
                              D:\Dropbox\__Lab Dev\2016_mbed\mbed_UART0\mbed\TARGET_LPC1768\TOOLCHAIN_GCC_CR\libmbed.a(gpio.o) (gpio_init)
D:\Dropbox\__Lab Dev\2016_mbed\mbed_UART0\mbed\TARGET_LPC1768\TOOLCHAIN_GCC_CR\libmbed.a(pinmap.o)
                              D:\Dropbox\__Lab Dev\2016_mbed\mbed_UART0\mbed\TARGET_LPC1768\TOOLCHAIN_GCC_CR\libmbed.a(pinmap_common.o) (pin_function)
D:\Dropbox\__Lab Dev\2016_mbed\mbed_UART0\mbed\TARGET_LPC1768\TOOLCHAIN_GCC_CR\libmbed.a(us_ticker.o)
                              D:\Dropbox\__Lab Dev\2016_mbed\mbed_UART0\mbed\TARGET_LPC1768\TOOLCHAIN_GCC_CR\libmbed.a(wait_api.o) (us_ticker_read)
D:\Dropbox\__Lab Dev\2016_mbed\mbed_UART0\mbed\TARGET_LPC1768\TOOLCHAIN_GCC_CR\libmbed.a(FileBase.o)
                              D:\Dropbox\__Lab Dev\2016_mbed\mbed_UART0\mbed\TARGET_LPC1768\TOOLCHAIN_GCC_CR\libmbed.a(FileSystemLike.o) (mbed::FileBase::~FileBase())
D:\Dropbox\__Lab Dev\2016_mbed\mbed_UART0\mbed\TARGET_LPC1768\TOOLCHAIN_GCC_CR\libmbed.a(FileLike.o)
                              D:\Dropbox\__Lab Dev\2016_mbed\mbed_UART0\mbed\TARGET_LPC1768\TOOLCHAIN_GCC_CR\libmbed.a(Stream.o) (mbed::FileLike::FileLike(char const*))
D:\Dropbox\__Lab Dev\2016_mbed\mbed_UART0\mbed\TARGET_LPC1768\TOOLCHAIN_GCC_CR\libmbed.a(us_ticker_api.o)
                              D:\Dropbox\__Lab Dev\2016_mbed\mbed_UART0\mbed\TARGET_LPC1768\TOOLCHAIN_GCC_CR\libmbed.a(us_ticker.o) (us_ticker_irq_handler)
[...]
Memory Configuration

Name             Origin             Length             Attributes
MFlash512        0x00000000         0x00080000         xr
RamLoc32         0x100000c8         0x00007f38         xrw
RamAHB_USB       0x2007c000         0x00004000         xrw
RamAHB_Eth       0x20080000         0x00004000         xrw
*default*        0x00000000         0xffffffff

Linker script and memory map

LOAD ./main.o
LOAD D:/Dropbox/__Lab Dev/2016_mbed/mbed_UART0/mbed/TARGET_LPC1768/TOOLCHAIN_GCC_CR/board.o
LOAD D:/Dropbox/__Lab Dev/2016_mbed/mbed_UART0/mbed/TARGET_LPC1768/TOOLCHAIN_GCC_CR/cmsis_nvic.o
LOAD D:/Dropbox/__Lab Dev/2016_mbed/mbed_UART0/mbed/TARGET_LPC1768/TOOLCHAIN_GCC_CR/retarget.o
LOAD D:/Dropbox/__Lab Dev/2016_mbed/mbed_UART0/mbed/TARGET_LPC1768/TOOLCHAIN_GCC_CR/startup_LPC17xx.o
LOAD D:/Dropbox/__Lab Dev/2016_mbed/mbed_UART0/mbed/TARGET_LPC1768/TOOLCHAIN_GCC_CR/system_LPC17xx.o
LOAD D:\Dropbox\__Lab Dev\2016_mbed\mbed_UART0\mbed\TARGET_LPC1768\TOOLCHAIN_GCC_CR\libmbed.a
START GROUP
LOAD c:/nxp/lpcxpresso_8.0.0_526/lpcxpresso/tools/bin/../lib/gcc/arm-none-eabi/4.9.3/armv7-m\libgcc.a
LOAD c:/nxp/lpcxpresso_8.0.0_526/lpcxpresso/tools/bin/../lib/gcc/arm-none-eabi/4.9.3/../../../../arm-none-eabi/lib/armv7-m\libc.a
LOAD c:/nxp/lpcxpresso_8.0.0_526/lpcxpresso/tools/bin/../lib/gcc/arm-none-eabi/4.9.3/../../../../arm-none-eabi/lib/armv7-m\libstdc++.a
LOAD c:/nxp/lpcxpresso_8.0.0_526/lpcxpresso/tools/bin/../lib/gcc/arm-none-eabi/4.9.3/../../../../arm-none-eabi/lib/armv7-m\libm.a
LOAD c:/nxp/lpcxpresso_8.0.0_526/lpcxpresso/tools/bin/../lib/gcc/arm-none-eabi/4.9.3/../../../../arm-none-eabi/lib/armv7-m\libcr_newlib_nohost.a
LOAD c:/nxp/lpcxpresso_8.0.0_526/lpcxpresso/tools/bin/../lib/gcc/arm-none-eabi/4.9.3/armv7-m\crti.o
LOAD c:/nxp/lpcxpresso_8.0.0_526/lpcxpresso/tools/bin/../lib/gcc/arm-none-eabi/4.9.3/armv7-m\crtn.o
LOAD c:/nxp/lpcxpresso_8.0.0_526/lpcxpresso/tools/bin/../lib/gcc/arm-none-eabi/4.9.3/armv7-m\crtbegin.o
LOAD c:/nxp/lpcxpresso_8.0.0_526/lpcxpresso/tools/bin/../lib/gcc/arm-none-eabi/4.9.3/armv7-m\crtend.o
END GROUP
                0x00080000                __top_MFlash512 = 0x80000
                0x10008000                __top_RamLoc32 = 0x10008000
                0x20084000                __top_RamAHB32 = 0x20084000

.text           0x00000000     0xce30
 FILL mask 0xff
 *(.isr_vector)
 .isr_vector    0x00000000       0xcc D:/Dropbox/__Lab Dev/2016_mbed/mbed_UART0/mbed/TARGET_LPC1768/TOOLCHAIN_GCC_CR/startup_LPC17xx.o
                0x00000000                g_pfnVectors
                0x000000cc                . = ALIGN (0x4)
                0x000000cc                __section_table_start = .
                0x000000cc                __data_section_table = .
                0x000000cc        0x4 LONG 0xce38 LOADADDR (.data)
                0x000000d0        0x4 LONG 0x100000c8 ADDR (.data)
                0x000000d4        0x4 LONG 0x8b0 SIZEOF (.data)
                0x000000d8        0x4 LONG 0xce38 LOADADDR (.data_RAM2)
                0x000000dc        0x4 LONG 0x2007c000 ADDR (.data_RAM2)
                0x000000e0        0x4 LONG 0x0 SIZEOF (.data_RAM2)
                0x000000e4                __data_section_table_end = .
                0x000000e4                __bss_section_table = .
                0x000000e4        0x4 LONG 0x10000978 ADDR (.bss)
                0x000000e8        0x4 LONG 0x2c8 SIZEOF (.bss)
                0x000000ec        0x4 LONG 0x2007c000 ADDR (.bss_RAM2)
                0x000000f0        0x4 LONG 0x0 SIZEOF (.bss_RAM2)
                0x000000f4                __bss_section_table_end = .
                0x000000f4                __section_table_end = .
 *(.after_vectors*)
 .after_vectors
                0x000000f4       0xe4 D:/Dropbox/__Lab Dev/2016_mbed/mbed_UART0/mbed/TARGET_LPC1768/TOOLCHAIN_GCC_CR/startup_LPC17xx.o
                0x000000f4                NMI_Handler
                0x000000f8                HardFault_Handler
                0x000000fc                MemManage_Handler
                0x00000100                BusFault_Handler
                0x00000104                UsageFault_Handler
                0x00000108                SVC_Handler
                0x0000010c                DebugMon_Handler
                0x00000110                PendSV_Handler
                0x00000114                SysTick_Handler
                0x00000118                PWM1_IRQHandler
                0x00000118                I2C1_IRQHandler
                0x00000118                EINT2_IRQHandler
                0x00000118                UART1_IRQHandler
                0x00000118                EINT3_IRQHandler
                0x00000118                CANActivity_IRQHandler
                0x00000118                TIMER3_IRQHandler
                0x00000118                UART0_IRQHandler
                0x00000118                MCPWM_IRQHandler
                0x00000118                I2C0_IRQHandler
                0x00000118                IntDefaultHandler
                0x00000118                RIT_IRQHandler
                0x00000118                CAN_IRQHandler
                0x00000118                PLL1_IRQHandler
                0x00000118                SSP0_IRQHandler
                0x00000118                I2S_IRQHandler
                0x00000118                I2C2_IRQHandler
                0x00000118                RTC_IRQHandler
                0x00000118                TIMER0_IRQHandler
                0x00000118                SPI_IRQHandler
                0x00000118                UART3_IRQHandler
                0x00000118                EINT1_IRQHandler
                0x00000118                TIMER1_IRQHandler
                0x00000118                UART2_IRQHandler
                0x00000118                ADC_IRQHandler
                0x00000118                SSP1_IRQHandler
                0x00000118                USB_IRQHandler
                0x00000118                BOD_IRQHandler
                0x00000118                USBActivity_IRQHandler
                0x00000118                WDT_IRQHandler
                0x00000118                PLL0_IRQHandler
                0x00000118                QEI_IRQHandler
                0x00000118                EINT0_IRQHandler
                0x00000118                TIMER2_IRQHandler
                0x00000118                DMA_IRQHandler
                0x00000118                ENET_IRQHandler
                0x0000011c                ResetISR
                0x000001a4                data_init
                0x000001c0                bss_init
 *(.text*)
 .text._ZN4mbed8AnalogInC2E7PinName
                0x000001d8       0x20 ./main.o
                0x000001d8                mbed::AnalogIn::AnalogIn(PinName)
                0x000001d8                mbed::AnalogIn::AnalogIn(PinName)
 .text._ZN4mbed8AnalogIn8read_u16Ev
                0x000001f8       0x1c ./main.o
                0x000001f8                mbed::AnalogIn::read_u16()
 .text._ZN4mbed10SerialBaseD2Ev
                0x00000214       0x28 ./main.o
                0x00000214                mbed::SerialBase::~SerialBase()
                0x00000214                mbed::SerialBase::~SerialBase()
 .text._ZN4mbed10SerialBaseD0Ev
                0x0000023c       0x20 ./main.o
                0x0000023c                mbed::SerialBase::~SerialBase()
 .text.main     0x0000025c       0x60 ./main.o
                0x0000025c                main
 .text._ZN4mbed6SerialD2Ev
                0x000002bc       0x50 ./main.o
                0x000002bc                mbed::Serial::~Serial()
                0x000002bc                mbed::Serial::~Serial()
 .text._ZN4mbed6SerialD1Ev
                0x0000030c       0x10 ./main.o
                0x0000030c                non-virtual thunk to mbed::Serial::~Serial()
                0x00000314                non-virtual thunk to mbed::Serial::~Serial()
 .text._ZN4mbed6SerialD0Ev
                0x0000031c       0x30 ./main.o
                0x0000031c                mbed::Serial::~Serial()
                0x0000033c                non-virtual thunk to mbed::Serial::~Serial()
                0x00000344                non-virtual thunk to mbed::Serial::~Serial()
 .text._Z41__static_initialization_and_destruction_0ii
                0x0000034c       0x98 ./main.o
 .text._GLOBAL__sub_I_adc0
                0x000003e4       0x10 ./main.o
 .text.mbed_die
                0x000003f4      0x10c D:/Dropbox/__Lab Dev/2016_mbed/mbed_UART0/mbed/TARGET_LPC1768/TOOLCHAIN_GCC_CR/board.o
                0x000003f4                mbed_die
 .text.NVIC_SetVector
                0x00000500       0x3c D:/Dropbox/__Lab Dev/2016_mbed/mbed_UART0/mbed/TARGET_LPC1768/TOOLCHAIN_GCC_CR/cmsis_nvic.o
                0x00000500                NVIC_SetVector
 .text._ZN4mbed10FileHandle4flenEv
                0x0000053c       0x34 D:/Dropbox/__Lab Dev/2016_mbed/mbed_UART0/mbed/TARGET_LPC1768/TOOLCHAIN_GCC_CR/retarget.o
                0x0000053c                mbed::FileHandle::flen()
 .text._ZL11init_serialv.part.0
                0x00000570       0x18 D:/Dropbox/__Lab Dev/2016_mbed/mbed_UART0/mbed/TARGET_LPC1768/TOOLCHAIN_GCC_CR/retarget.o
 .text._ZN4mbed10FileHandleD2Ev
                0x00000588       0x2c D:/Dropbox/__Lab Dev/2016_mbed/mbed_UART0/mbed/TARGET_LPC1768/TOOLCHAIN_GCC_CR/retarget.o
                0x00000588                mbed::FileHandle::~FileHandle()
                0x00000588                mbed::FileHandle::~FileHandle()
 .text._open    0x000005b4       0xfc D:/Dropbox/__Lab Dev/2016_mbed/mbed_UART0/mbed/TARGET_LPC1768/TOOLCHAIN_GCC_CR/retarget.o
                0x000005b4                _open
 .text._close   0x000006b0       0x28 D:/Dropbox/__Lab Dev/2016_mbed/mbed_UART0/mbed/TARGET_LPC1768/TOOLCHAIN_GCC_CR/retarget.o
                0x000006b0                _close
 .text._write   0x000006d8       0x4c D:/Dropbox/__Lab Dev/2016_mbed/mbed_UART0/mbed/TARGET_LPC1768/TOOLCHAIN_GCC_CR/retarget.o
                0x000006d8                _write
 .text._read    0x00000724       0x44 D:/Dropbox/__Lab Dev/2016_mbed/mbed_UART0/mbed/TARGET_LPC1768/TOOLCHAIN_GCC_CR/retarget.o
                0x00000724                _read
 .text._isatty  0x00000768       0x24 D:/Dropbox/__Lab Dev/2016_mbed/mbed_UART0/mbed/TARGET_LPC1768/TOOLCHAIN_GCC_CR/retarget.o
                0x00000768                _isatty
 .text._lseek   0x0000078c       0x24 D:/Dropbox/__Lab Dev/2016_mbed/mbed_UART0/mbed/TARGET_LPC1768/TOOLCHAIN_GCC_CR/retarget.o
                0x0000078c                _lseek
 .text._fstat   0x000007b0       0x20 D:/Dropbox/__Lab Dev/2016_mbed/mbed_UART0/mbed/TARGET_LPC1768/TOOLCHAIN_GCC_CR/retarget.o
                0x000007b0                _fstat
 .text.exit     0x000007d0       0x30 D:/Dropbox/__Lab Dev/2016_mbed/mbed_UART0/mbed/TARGET_LPC1768/TOOLCHAIN_GCC_CR/retarget.o
                0x000007d0                exit
 .text.__cxa_pure_virtual
                0x00000800        0x8 D:/Dropbox/__Lab Dev/2016_mbed/mbed_UART0/mbed/TARGET_LPC1768/TOOLCHAIN_GCC_CR/retarget.o
                0x00000800                __cxa_pure_virtual
 .text._ZN4mbed26mbed_set_unbuffered_streamEP7__sFILE
                0x00000808        0x8 D:/Dropbox/__Lab Dev/2016_mbed/mbed_UART0/mbed/TARGET_LPC1768/TOOLCHAIN_GCC_CR/retarget.o
                0x00000808                mbed::mbed_set_unbuffered_stream(__sFILE*)
 .text.__aeabi_atexit
                0x00000810        0x4 D:/Dropbox/__Lab Dev/2016_mbed/mbed_UART0/mbed/TARGET_LPC1768/TOOLCHAIN_GCC_CR/startup_LPC17xx.o
                0x00000810                __aeabi_atexit
 .text._ZdlPv   0x00000814        0x4 D:/Dropbox/__Lab Dev/2016_mbed/mbed_UART0/mbed/TARGET_LPC1768/TOOLCHAIN_GCC_CR/startup_LPC17xx.o
                0x00000814                operator delete(void*)
 .text.SystemInit
                0x00000818       0xb8 D:/Dropbox/__Lab Dev/2016_mbed/mbed_UART0/mbed/TARGET_LPC1768/TOOLCHAIN_GCC_CR/system_LPC17xx.o
                0x00000818                SystemInit
 .text.analogin_init
                0x000008d0       0x98 D:\Dropbox\__Lab Dev\2016_mbed\mbed_UART0\mbed\TARGET_LPC1768\TOOLCHAIN_GCC_CR\libmbed.a(analogin_api.o)
                0x000008d0                analogin_init
 .text.analogin_read_u16
                0x00000968       0xb8 D:\Dropbox\__Lab Dev\2016_mbed\mbed_UART0\mbed\TARGET_LPC1768\TOOLCHAIN_GCC_CR\libmbed.a(analogin_api.o)
                0x00000968                analogin_read_u16
 .text.uart1_irq
                0x00000a20       0x60 D:\Dropbox\__Lab Dev\2016_mbed\mbed_UART0\mbed\TARGET_LPC1768\TOOLCHAIN_GCC_CR\libmbed.a(serial_api.o)
                0x00000a20                uart1_irq
 .text.serial_irq_set_internal
                0x00000a80       0xc8 D:\Dropbox\__Lab Dev\2016_mbed\mbed_UART0\mbed\TARGET_LPC1768\TOOLCHAIN_GCC_CR\libmbed.a(serial_api.o)
 .text.uart3_irq
                0x00000b48       0x6c D:\Dropbox\__Lab Dev\2016_mbed\mbed_UART0\mbed\TARGET_LPC1768\TOOLCHAIN_GCC_CR\libmbed.a(serial_api.o)
                0x00000b48                uart3_irq
 .text.uart2_irq
                0x00000bb4       0x64 D:\Dropbox\__Lab Dev\2016_mbed\mbed_UART0\mbed\TARGET_LPC1768\TOOLCHAIN_GCC_CR\libmbed.a(serial_api.o)
                0x00000bb4                uart2_irq
 .text.uart0_irq
                0x00000c18       0x60 D:\Dropbox\__Lab Dev\2016_mbed\mbed_UART0\mbed\TARGET_LPC1768\TOOLCHAIN_GCC_CR\libmbed.a(serial_api.o)
                0x00000c18                uart0_irq
 .text.serial_baud
                0x00000c78      0x234 D:\Dropbox\__Lab Dev\2016_mbed\mbed_UART0\mbed\TARGET_LPC1768\TOOLCHAIN_GCC_CR\libmbed.a(serial_api.o)
                0x00000c78                serial_baud
 .text.serial_format
                0x00000eac       0x78 D:\Dropbox\__Lab Dev\2016_mbed\mbed_UART0\mbed\TARGET_LPC1768\TOOLCHAIN_GCC_CR\libmbed.a(serial_api.o)
                0x00000eac                serial_format
 .text.serial_irq_handler
                0x00000f24       0x20 D:\Dropbox\__Lab Dev\2016_mbed\mbed_UART0\mbed\TARGET_LPC1768\TOOLCHAIN_GCC_CR\libmbed.a(serial_api.o)
                0x00000f24                serial_irq_handler
 .text.serial_getc
                0x00000f44       0x34 D:\Dropbox\__Lab Dev\2016_mbed\mbed_UART0\mbed\TARGET_LPC1768\TOOLCHAIN_GCC_CR\libmbed.a(serial_api.o)
                0x00000f44                serial_getc
 .text.serial_writable
                0x00000f78       0x50 D:\Dropbox\__Lab Dev\2016_mbed\mbed_UART0\mbed\TARGET_LPC1768\TOOLCHAIN_GCC_CR\libmbed.a(serial_api.o)
                0x00000f78                serial_writable
 .text.serial_putc
                0x00000fc8       0x34 D:\Dropbox\__Lab Dev\2016_mbed\mbed_UART0\mbed\TARGET_LPC1768\TOOLCHAIN_GCC_CR\libmbed.a(serial_api.o)
                0x00000fc8                serial_putc
 .text.serial_set_flow_control
                0x00000ffc      0x130 D:\Dropbox\__Lab Dev\2016_mbed\mbed_UART0\mbed\TARGET_LPC1768\TOOLCHAIN_GCC_CR\libmbed.a(serial_api.o)
                0x00000ffc                serial_set_flow_control
 .text.serial_init
                0x0000112c      0x1bc D:\Dropbox\__Lab Dev\2016_mbed\mbed_UART0\mbed\TARGET_LPC1768\TOOLCHAIN_GCC_CR\libmbed.a(serial_api.o)
                0x0000112c                serial_init
 .text._ZN4mbed8FilePathC2EPKc
                0x000012e8       0x54 D:\Dropbox\__Lab Dev\2016_mbed\mbed_UART0\mbed\TARGET_LPC1768\TOOLCHAIN_GCC_CR\libmbed.a(FilePath.o)
                0x000012e8                mbed::FilePath::FilePath(char const*)
                0x000012e8                mbed::FilePath::FilePath(char const*)
 .text._ZN4mbed8FilePath8fileNameEv
                0x0000133c        0x4 D:\Dropbox\__Lab Dev\2016_mbed\mbed_UART0\mbed\TARGET_LPC1768\TOOLCHAIN_GCC_CR\libmbed.a(FilePath.o)
                0x0000133c                mbed::FilePath::fileName()
 .text._ZN4mbed8FilePath10fileSystemEv
                0x00001340       0x20 D:\Dropbox\__Lab Dev\2016_mbed\mbed_UART0\mbed\TARGET_LPC1768\TOOLCHAIN_GCC_CR\libmbed.a(FilePath.o)
                0x00001340                mbed::FilePath::fileSystem()
 .text._ZN4mbed8FilePath6isFileEv
                0x00001360       0x14 D:\Dropbox\__Lab Dev\2016_mbed\mbed_UART0\mbed\TARGET_LPC1768\TOOLCHAIN_GCC_CR\libmbed.a(FilePath.o)
                0x00001360                mbed::FilePath::isFile()
 .text._ZN4mbed8FilePath4fileEv
                0x00001374       0x20 D:\Dropbox\__Lab Dev\2016_mbed\mbed_UART0\mbed\TARGET_LPC1768\TOOLCHAIN_GCC_CR\libmbed.a(FilePath.o)
                0x00001374                mbed::FilePath::file()
 .text._ZN4mbed8FilePath6existsEv
                0x00001394        0xc D:\Dropbox\__Lab Dev\2016_mbed\mbed_UART0\mbed\TARGET_LPC1768\TOOLCHAIN_GCC_CR\libmbed.a(FilePath.o)
                0x00001394                mbed::FilePath::exists()
 .text._ZN4mbed6Serial5_getcEv
                0x000013a0        0x4 D:\Dropbox\__Lab Dev\2016_mbed\mbed_UART0\mbed\TARGET_LPC1768\TOOLCHAIN_GCC_CR\libmbed.a(Serial.o)
                0x000013a0                mbed::Serial::_getc()
 .text._ZThn64_N4mbed6Serial5_getcEv
                0x000013a4        0x8 D:\Dropbox\__Lab Dev\2016_mbed\mbed_UART0\mbed\TARGET_LPC1768\TOOLCHAIN_GCC_CR\libmbed.a(Serial.o)
                0x000013a4                non-virtual thunk to mbed::Serial::_getc()
 .text._ZN4mbed6Serial5_putcEi
                0x000013ac        0x4 D:\Dropbox\__Lab Dev\2016_mbed\mbed_UART0\mbed\TARGET_LPC1768\TOOLCHAIN_GCC_CR\libmbed.a(Serial.o)
                0x000013ac                mbed::Serial::_putc(int)
 .text._ZThn64_N4mbed6Serial5_putcEi
                0x000013b0        0x8 D:\Dropbox\__Lab Dev\2016_mbed\mbed_UART0\mbed\TARGET_LPC1768\TOOLCHAIN_GCC_CR\libmbed.a(Serial.o)
                0x000013b0                non-virtual thunk to mbed::Serial::_putc(int)
 .text._ZN4mbed6SerialC2E7PinNameS1_PKc
                0x000013b8       0x30 D:\Dropbox\__Lab Dev\2016_mbed\mbed_UART0\mbed\TARGET_LPC1768\TOOLCHAIN_GCC_CR\libmbed.a(Serial.o)
                0x000013b8                mbed::Serial::Serial(PinName, PinName, char const*)
                0x000013b8                mbed::Serial::Serial(PinName, PinName, char const*)
 .text._ZN4mbed10SerialBase12_irq_handlerEm9SerialIrq
                0x000013e8       0x34 D:\Dropbox\__Lab Dev\2016_mbed\mbed_UART0\mbed\TARGET_LPC1768\TOOLCHAIN_GCC_CR\libmbed.a(SerialBase.o)
                0x000013e8                mbed::SerialBase::_irq_handler(unsigned long, SerialIrq)
 .text._ZN4mbed10SerialBaseC2E7PinNameS1_
                0x0000141c       0x3c D:\Dropbox\__Lab Dev\2016_mbed\mbed_UART0\mbed\TARGET_LPC1768\TOOLCHAIN_GCC_CR\libmbed.a(SerialBase.o)
                0x0000141c                mbed::SerialBase::SerialBase(PinName, PinName)
                0x0000141c                mbed::SerialBase::SerialBase(PinName, PinName)
 .text._ZN4mbed10SerialBase4baudEi
                0x00001458       0x10 D:\Dropbox\__Lab Dev\2016_mbed\mbed_UART0\mbed\TARGET_LPC1768\TOOLCHAIN_GCC_CR\libmbed.a(SerialBase.o)
                0x00001458                mbed::SerialBase::baud(int)
 .text._ZN4mbed10SerialBase10_base_getcEv
                0x00001468        0x8 D:\Dropbox\__Lab Dev\2016_mbed\mbed_UART0\mbed\TARGET_LPC1768\TOOLCHAIN_GCC_CR\libmbed.a(SerialBase.o)
                0x00001468                mbed::SerialBase::_base_getc()
 .text._ZN4mbed10SerialBase10_base_putcEi
                0x00001470       0x10 D:\Dropbox\__Lab Dev\2016_mbed\mbed_UART0\mbed\TARGET_LPC1768\TOOLCHAIN_GCC_CR\libmbed.a(SerialBase.o)
                0x00001470                mbed::SerialBase::_base_putc(int)
 .text._ZN4mbed6Stream5closeEv
                0x00001480        0x4 D:\Dropbox\__Lab Dev\2016_mbed\mbed_UART0\mbed\TARGET_LPC1768\TOOLCHAIN_GCC_CR\libmbed.a(Stream.o)
                0x00001480                mbed::Stream::close()
 .text._ZN4mbed6Stream5writeEPKvj
                0x00001484       0x2c D:\Dropbox\__Lab Dev\2016_mbed\mbed_UART0\mbed\TARGET_LPC1768\TOOLCHAIN_GCC_CR\libmbed.a(Stream.o)
                0x00001484                mbed::Stream::write(void const*, unsigned int)
 .text._ZN4mbed6Stream4readEPvj
                0x000014b0       0x2c D:\Dropbox\__Lab Dev\2016_mbed\mbed_UART0\mbed\TARGET_LPC1768\TOOLCHAIN_GCC_CR\libmbed.a(Stream.o)
                0x000014b0                mbed::Stream::read(void*, unsigned int)
 .text._ZN4mbed6Stream5lseekEli
                0x000014dc        0x4 D:\Dropbox\__Lab Dev\2016_mbed\mbed_UART0\mbed\TARGET_LPC1768\TOOLCHAIN_GCC_CR\libmbed.a(Stream.o)
                0x000014dc                mbed::Stream::lseek(long, int)
 .text._ZN4mbed6Stream6isattyEv
                0x000014e0        0x4 D:\Dropbox\__Lab Dev\2016_mbed\mbed_UART0\mbed\TARGET_LPC1768\TOOLCHAIN_GCC_CR\libmbed.a(Stream.o)
                0x000014e0                mbed::Stream::isatty()
 .text._ZN4mbed6Stream5fsyncEv
                0x000014e4        0x4 D:\Dropbox\__Lab Dev\2016_mbed\mbed_UART0\mbed\TARGET_LPC1768\TOOLCHAIN_GCC_CR\libmbed.a(Stream.o)
                0x000014e4                mbed::Stream::fsync()
 .text._ZN4mbed6Stream4flenEv
                0x000014e8        0x4 D:\Dropbox\__Lab Dev\2016_mbed\mbed_UART0\mbed\TARGET_LPC1768\TOOLCHAIN_GCC_CR\libmbed.a(Stream.o)
                0x000014e8                mbed::Stream::flen()
 .text._ZN4mbed6StreamC2EPKc
                0x000014ec       0x44 D:\Dropbox\__Lab Dev\2016_mbed\mbed_UART0\mbed\TARGET_LPC1768\TOOLCHAIN_GCC_CR\libmbed.a(Stream.o)
                0x000014ec                mbed::Stream::Stream(char const*)
                0x000014ec                mbed::Stream::Stream(char const*)
 .text._ZN4mbed6StreamD2Ev
                0x00001530       0x24 D:\Dropbox\__Lab Dev\2016_mbed\mbed_UART0\mbed\TARGET_LPC1768\TOOLCHAIN_GCC_CR\libmbed.a(Stream.o)
                0x00001530                mbed::Stream::~Stream()
                0x00001530                mbed::Stream::~Stream()
 .text._ZN4mbed6Stream6printfEPKcz
                0x00001554       0x2c D:\Dropbox\__Lab Dev\2016_mbed\mbed_UART0\mbed\TARGET_LPC1768\TOOLCHAIN_GCC_CR\libmbed.a(Stream.o)
                0x00001554                mbed::Stream::printf(char const*, ...)
 .text.mbed_assert_internal
                0x00001580       0x18 D:\Dropbox\__Lab Dev\2016_mbed\mbed_UART0\mbed\TARGET_LPC1768\TOOLCHAIN_GCC_CR\libmbed.a(assert.o)
                0x00001580                mbed_assert_internal
 .text.error    0x00001598       0x24 D:\Dropbox\__Lab Dev\2016_mbed\mbed_UART0\mbed\TARGET_LPC1768\TOOLCHAIN_GCC_CR\libmbed.a(error.o)
                0x00001598                error
 .text.gpio_init_in
                0x000015bc       0x24 D:\Dropbox\__Lab Dev\2016_mbed\mbed_UART0\mbed\TARGET_LPC1768\TOOLCHAIN_GCC_CR\libmbed.a(gpio.o)
                0x000015bc                gpio_init_in
 .text.gpio_init_out
                0x000015e0       0x44 D:\Dropbox\__Lab Dev\2016_mbed\mbed_UART0\mbed\TARGET_LPC1768\TOOLCHAIN_GCC_CR\libmbed.a(gpio.o)
                0x000015e0                gpio_init_out
 .text.gpio_init_out_ex
                0x00001624       0x54 D:\Dropbox\__Lab Dev\2016_mbed\mbed_UART0\mbed\TARGET_LPC1768\TOOLCHAIN_GCC_CR\libmbed.a(gpio.o)
                0x00001624                gpio_init_out_ex
 .text.mbed_interface_connected
                0x00001678        0x4 D:\Dropbox\__Lab Dev\2016_mbed\mbed_UART0\mbed\TARGET_LPC1768\TOOLCHAIN_GCC_CR\libmbed.a(mbed_interface.o)
                0x00001678                mbed_interface_connected
 .text.pinmap_pinout
                0x0000167c       0x40 D:\Dropbox\__Lab Dev\2016_mbed\mbed_UART0\mbed\TARGET_LPC1768\TOOLCHAIN_GCC_CR\libmbed.a(pinmap_common.o)
                0x0000167c                pinmap_pinout
 .text.pinmap_merge
                0x000016bc       0x24 D:\Dropbox\__Lab Dev\2016_mbed\mbed_UART0\mbed\TARGET_LPC1768\TOOLCHAIN_GCC_CR\libmbed.a(pinmap_common.o)
                0x000016bc                pinmap_merge
 .text.pinmap_find_peripheral
                0x000016e0       0x1c D:\Dropbox\__Lab Dev\2016_mbed\mbed_UART0\mbed\TARGET_LPC1768\TOOLCHAIN_GCC_CR\libmbed.a(pinmap_common.o)
                0x000016e0                pinmap_find_peripheral
 .text.pinmap_peripheral
                0x000016fc       0x34 D:\Dropbox\__Lab Dev\2016_mbed\mbed_UART0\mbed\TARGET_LPC1768\TOOLCHAIN_GCC_CR\libmbed.a(pinmap_common.o)
                0x000016fc                pinmap_peripheral
 .text.semihost_exit
                0x00001730       0x18 D:\Dropbox\__Lab Dev\2016_mbed\mbed_UART0\mbed\TARGET_LPC1768\TOOLCHAIN_GCC_CR\libmbed.a(semihost_api.o)
                0x00001730                semihost_exit
 .text.semihost_connected
                0x00001748       0x10 D:\Dropbox\__Lab Dev\2016_mbed\mbed_UART0\mbed\TARGET_LPC1768\TOOLCHAIN_GCC_CR\libmbed.a(semihost_api.o)
                0x00001748                semihost_connected
 .text.wait_us  0x00001758       0x18 D:\Dropbox\__Lab Dev\2016_mbed\mbed_UART0\mbed\TARGET_LPC1768\TOOLCHAIN_GCC_CR\libmbed.a(wait_api.o)
                0x00001758                wait_us
 .text.wait_ms  0x00001770        0xc D:\Dropbox\__Lab Dev\2016_mbed\mbed_UART0\mbed\TARGET_LPC1768\TOOLCHAIN_GCC_CR\libmbed.a(wait_api.o)
                0x00001770                wait_ms
 .text.gpio_set
                0x0000177c       0x30 D:\Dropbox\__Lab Dev\2016_mbed\mbed_UART0\mbed\TARGET_LPC1768\TOOLCHAIN_GCC_CR\libmbed.a(gpio_api.o)
                0x0000177c                gpio_set
 .text.gpio_init
                0x000017ac       0x30 D:\Dropbox\__Lab Dev\2016_mbed\mbed_UART0\mbed\TARGET_LPC1768\TOOLCHAIN_GCC_CR\libmbed.a(gpio_api.o)
                0x000017ac                gpio_init
 .text.gpio_mode
                0x000017dc        0x8 D:\Dropbox\__Lab Dev\2016_mbed\mbed_UART0\mbed\TARGET_LPC1768\TOOLCHAIN_GCC_CR\libmbed.a(gpio_api.o)
                0x000017dc                gpio_mode
 .text.gpio_dir
                0x000017e4       0x44 D:\Dropbox\__Lab Dev\2016_mbed\mbed_UART0\mbed\TARGET_LPC1768\TOOLCHAIN_GCC_CR\libmbed.a(gpio_api.o)
                0x000017e4                gpio_dir
 .text.pin_function
                0x00001828       0x50 D:\Dropbox\__Lab Dev\2016_mbed\mbed_UART0\mbed\TARGET_LPC1768\TOOLCHAIN_GCC_CR\libmbed.a(pinmap.o)
                0x00001828                pin_function
 .text.pin_mode
                0x00001878       0x78 D:\Dropbox\__Lab Dev\2016_mbed\mbed_UART0\mbed\TARGET_LPC1768\TOOLCHAIN_GCC_CR\libmbed.a(pinmap.o)
                0x00001878                pin_mode
 .text.us_ticker_init.part.0
                0x000018f0       0x64 D:\Dropbox\__Lab Dev\2016_mbed\mbed_UART0\mbed\TARGET_LPC1768\TOOLCHAIN_GCC_CR\libmbed.a(us_ticker.o)
 .text.us_ticker_init
                0x00001954       0x10 D:\Dropbox\__Lab Dev\2016_mbed\mbed_UART0\mbed\TARGET_LPC1768\TOOLCHAIN_GCC_CR\libmbed.a(us_ticker.o)
                0x00001954                us_ticker_init
 .text.us_ticker_read
                0x00001964       0x1c D:\Dropbox\__Lab Dev\2016_mbed\mbed_UART0\mbed\TARGET_LPC1768\TOOLCHAIN_GCC_CR\libmbed.a(us_ticker.o)
                0x00001964                us_ticker_read
 .text.us_ticker_set_interrupt
                0x00001980       0x14 D:\Dropbox\__Lab Dev\2016_mbed\mbed_UART0\mbed\TARGET_LPC1768\TOOLCHAIN_GCC_CR\libmbed.a(us_ticker.o)
                0x00001980                us_ticker_set_interrupt
 .text.us_ticker_disable_interrupt
                0x00001994       0x10 D:\Dropbox\__Lab Dev\2016_mbed\mbed_UART0\mbed\TARGET_LPC1768\TOOLCHAIN_GCC_CR\libmbed.a(us_ticker.o)
                0x00001994                us_ticker_disable_interrupt
 .text.us_ticker_clear_interrupt
                0x000019a4        0xc D:\Dropbox\__Lab Dev\2016_mbed\mbed_UART0\mbed\TARGET_LPC1768\TOOLCHAIN_GCC_CR\libmbed.a(us_ticker.o)
                0x000019a4                us_ticker_clear_interrupt
 .text._ZN4mbed8FileBaseD2Ev
                0x000019b0       0x30 D:\Dropbox\__Lab Dev\2016_mbed\mbed_UART0\mbed\TARGET_LPC1768\TOOLCHAIN_GCC_CR\libmbed.a(FileBase.o)
                0x000019b0                mbed::FileBase::~FileBase()
                0x000019b0                mbed::FileBase::~FileBase()
 .text._ZN4mbed8FileBaseD0Ev
                0x000019e0       0x3c D:\Dropbox\__Lab Dev\2016_mbed\mbed_UART0\mbed\TARGET_LPC1768\TOOLCHAIN_GCC_CR\libmbed.a(FileBase.o)
                0x000019e0                mbed::FileBase::~FileBase()
 .text._ZN4mbed8FileBaseC2EPKcNS_8PathTypeE
                0x00001a1c       0x28 D:\Dropbox\__Lab Dev\2016_mbed\mbed_UART0\mbed\TARGET_LPC1768\TOOLCHAIN_GCC_CR\libmbed.a(FileBase.o)
                0x00001a1c                mbed::FileBase::FileBase(char const*, mbed::PathType)
                0x00001a1c                mbed::FileBase::FileBase(char const*, mbed::PathType)
 .text._ZN4mbed8FileBase6lookupEPKcj
                0x00001a44       0x3c D:\Dropbox\__Lab Dev\2016_mbed\mbed_UART0\mbed\TARGET_LPC1768\TOOLCHAIN_GCC_CR\libmbed.a(FileBase.o)
                0x00001a44                mbed::FileBase::lookup(char const*, unsigned int)
 .text._ZN4mbed8FileBase11getPathTypeEv
                0x00001a80        0x4 D:\Dropbox\__Lab Dev\2016_mbed\mbed_UART0\mbed\TARGET_LPC1768\TOOLCHAIN_GCC_CR\libmbed.a(FileBase.o)
                0x00001a80                mbed::FileBase::getPathType()
 .text._ZN4mbed8FileLikeC2EPKc
                0x00001a84       0x28 D:\Dropbox\__Lab Dev\2016_mbed\mbed_UART0\mbed\TARGET_LPC1768\TOOLCHAIN_GCC_CR\libmbed.a(FileLike.o)
                0x00001a84                mbed::FileLike::FileLike(char const*)
                0x00001a84                mbed::FileLike::FileLike(char const*)
 .text._ZN4mbed8FileLikeD2Ev
                0x00001aac       0x24 D:\Dropbox\__Lab Dev\2016_mbed\mbed_UART0\mbed\TARGET_LPC1768\TOOLCHAIN_GCC_CR\libmbed.a(FileLike.o)
                0x00001aac                mbed::FileLike::~FileLike()
                0x00001aac                mbed::FileLike::~FileLike()
 .text.us_ticker_irq_handler
                0x00001ad0        0xc D:\Dropbox\__Lab Dev\2016_mbed\mbed_UART0\mbed\TARGET_LPC1768\TOOLCHAIN_GCC_CR\libmbed.a(us_ticker_api.o)
                0x00001ad0                us_ticker_irq_handler
 .text.ticker_irq_handler
                0x00001adc       0x4c D:\Dropbox\__Lab Dev\2016_mbed\mbed_UART0\mbed\TARGET_LPC1768\TOOLCHAIN_GCC_CR\libmbed.a(ticker_api.o)
                0x00001adc                ticker_irq_handler
 .text          0x00001b28       0x30 c:/nxp/lpcxpresso_8.0.0_526/lpcxpresso/tools/bin/../lib/gcc/arm-none-eabi/4.9.3/armv7-m\libgcc.a(_aeabi_uldivmod.o)
                0x00001b28                __aeabi_uldivmod
 .text          0x00001b58       0x60 c:/nxp/lpcxpresso_8.0.0_526/lpcxpresso/tools/bin/../lib/gcc/arm-none-eabi/4.9.3/armv7-m\libgcc.a(bpabi.o)
                0x00001b58                __gnu_ldivmod_helper
                0x00001b88                __gnu_uldivmod_helper
 .text          0x00001bb8        0x4 c:/nxp/lpcxpresso_8.0.0_526/lpcxpresso/tools/bin/../lib/gcc/arm-none-eabi/4.9.3/armv7-m\libgcc.a(_dvmd_tls.o)
                0x00001bb8                __aeabi_idiv0
                0x00001bb8                __aeabi_ldiv0
 .text          0x00001bbc      0x2ac c:/nxp/lpcxpresso_8.0.0_526/lpcxpresso/tools/bin/../lib/gcc/arm-none-eabi/4.9.3/armv7-m\libgcc.a(_divdi3.o)
                0x00001bbc                __divdi3
 .text          0x00001e68      0x270 c:/nxp/lpcxpresso_8.0.0_526/lpcxpresso/tools/bin/../lib/gcc/arm-none-eabi/4.9.3/armv7-m\libgcc.a(_udivdi3.o)
                0x00001e68                __udivdi3
 .text.abs      0x000020d8        0x8 c:/nxp/lpcxpresso_8.0.0_526/lpcxpresso/tools/bin/../lib/gcc/arm-none-eabi/4.9.3/../../../../arm-none-eabi/lib/armv7-m\libc.a(lib_a-abs.o)
                0x000020d8                abs
 .text.__errno  0x000020e0        0xc c:/nxp/lpcxpresso_8.0.0_526/lpcxpresso/tools/bin/../lib/gcc/arm-none-eabi/4.9.3/../../../../arm-none-eabi/lib/armv7-m\libc.a(lib_a-errno.o)
                0x000020e0                __errno
 .text._fclose_r
                0x000020ec       0x84 c:/nxp/lpcxpresso_8.0.0_526/lpcxpresso/tools/bin/../lib/gcc/arm-none-eabi/4.9.3/../../../../arm-none-eabi/lib/armv7-m\libc.a(lib_a-fclose.o)
                0x000020ec                _fclose_r
 .text.fclose   0x00002170       0x10 c:/nxp/lpcxpresso_8.0.0_526/lpcxpresso/tools/bin/../lib/gcc/arm-none-eabi/4.9.3/../../../../arm-none-eabi/lib/armv7-m\libc.a(lib_a-fclose.o)
                0x00002170                fclose
 .text.__sflush_r
                0x00002180      0x148 c:/nxp/lpcxpresso_8.0.0_526/lpcxpresso/tools/bin/../lib/gcc/arm-none-eabi/4.9.3/../../../../arm-none-eabi/lib/armv7-m\libc.a(lib_a-fflush.o)
                0x00002180                __sflush_r
 .text._fflush_r
                0x000022c8       0x2c c:/nxp/lpcxpresso_8.0.0_526/lpcxpresso/tools/bin/../lib/gcc/arm-none-eabi/4.9.3/../../../../arm-none-eabi/lib/armv7-m\libc.a(lib_a-fflush.o)
                0x000022c8                _fflush_r
 .text.fflush   0x000022f4       0x24 c:/nxp/lpcxpresso_8.0.0_526/lpcxpresso/tools/bin/../lib/gcc/arm-none-eabi/4.9.3/../../../../arm-none-eabi/lib/armv7-m\libc.a(lib_a-fflush.o)
                0x000022f4                fflush
 .text._cleanup_r
                0x00002318        0xc c:/nxp/lpcxpresso_8.0.0_526/lpcxpresso/tools/bin/../lib/gcc/arm-none-eabi/4.9.3/../../../../arm-none-eabi/lib/armv7-m\libc.a(lib_a-findfp.o)
                0x00002318                _cleanup_r
 .text.__sinit.part.1
                0x00002324       0xf0 c:/nxp/lpcxpresso_8.0.0_526/lpcxpresso/tools/bin/../lib/gcc/arm-none-eabi/4.9.3/../../../../arm-none-eabi/lib/armv7-m\libc.a(lib_a-findfp.o)
 .text.__sfmoreglue
                0x00002414       0x30 c:/nxp/lpcxpresso_8.0.0_526/lpcxpresso/tools/bin/../lib/gcc/arm-none-eabi/4.9.3/../../../../arm-none-eabi/lib/armv7-m\libc.a(lib_a-findfp.o)
                0x00002414                __sfmoreglue
 .text.__sfp    0x00002444       0x88 c:/nxp/lpcxpresso_8.0.0_526/lpcxpresso/tools/bin/../lib/gcc/arm-none-eabi/4.9.3/../../../../arm-none-eabi/lib/armv7-m\libc.a(lib_a-findfp.o)
                0x00002444                __sfp
 .text.__sinit  0x000024cc        0xc c:/nxp/lpcxpresso_8.0.0_526/lpcxpresso/tools/bin/../lib/gcc/arm-none-eabi/4.9.3/../../../../arm-none-eabi/lib/armv7-m\libc.a(lib_a-findfp.o)
                0x000024cc                __sinit
 .text.__sfp_lock_acquire
                0x000024d8        0x4 c:/nxp/lpcxpresso_8.0.0_526/lpcxpresso/tools/bin/../lib/gcc/arm-none-eabi/4.9.3/../../../../arm-none-eabi/lib/armv7-m\libc.a(lib_a-findfp.o)
                0x000024d8                __sfp_lock_acquire
 .text.__sfp_lock_release
                0x000024dc        0x4 c:/nxp/lpcxpresso_8.0.0_526/lpcxpresso/tools/bin/../lib/gcc/arm-none-eabi/4.9.3/../../../../arm-none-eabi/lib/armv7-m\libc.a(lib_a-findfp.o)
                0x000024dc                __sfp_lock_release
 .text._fopen_r
                0x000024e0       0x88 c:/nxp/lpcxpresso_8.0.0_526/lpcxpresso/tools/bin/../lib/gcc/arm-none-eabi/4.9.3/../../../../arm-none-eabi/lib/armv7-m\libc.a(lib_a-fopen.o)
                0x000024e0                _fopen_r
 .text.fopen    0x00002568       0x10 c:/nxp/lpcxpresso_8.0.0_526/lpcxpresso/tools/bin/../lib/gcc/arm-none-eabi/4.9.3/../../../../arm-none-eabi/lib/armv7-m\libc.a(lib_a-fopen.o)
                0x00002568                fopen
 .text._malloc_trim_r
                0x00002578       0x9c c:/nxp/lpcxpresso_8.0.0_526/lpcxpresso/tools/bin/../lib/gcc/arm-none-eabi/4.9.3/../../../../arm-none-eabi/lib/armv7-m\libc.a(lib_a-freer.o)
                0x00002578                _malloc_trim_r
 .text._free_r  0x00002614      0x1b0 c:/nxp/lpcxpresso_8.0.0_526/lpcxpresso/tools/bin/../lib/gcc/arm-none-eabi/4.9.3/../../../../arm-none-eabi/lib/armv7-m\libc.a(lib_a-freer.o)
                0x00002614                _free_r
 .text._fseek_r
                0x000027c4        0x4 c:/nxp/lpcxpresso_8.0.0_526/lpcxpresso/tools/bin/../lib/gcc/arm-none-eabi/4.9.3/../../../../arm-none-eabi/lib/armv7-m\libc.a(lib_a-fseek.o)
                0x000027c4                _fseek_r
 .text._fseeko_r
                0x000027c8      0x2c0 c:/nxp/lpcxpresso_8.0.0_526/lpcxpresso/tools/bin/../lib/gcc/arm-none-eabi/4.9.3/../../../../arm-none-eabi/lib/armv7-m\libc.a(lib_a-fseeko.o)
                0x000027c8                _fseeko_r
 .text._fstat_r
                0x00002a88       0x28 c:/nxp/lpcxpresso_8.0.0_526/lpcxpresso/tools/bin/../lib/gcc/arm-none-eabi/4.9.3/../../../../arm-none-eabi/lib/armv7-m\libc.a(lib_a-fstatr.o)
                0x00002a88                _fstat_r
 .text.__sfvwrite_r
                0x00002ab0      0x320 c:/nxp/lpcxpresso_8.0.0_526/lpcxpresso/tools/bin/../lib/gcc/arm-none-eabi/4.9.3/../../../../arm-none-eabi/lib/armv7-m\libc.a(lib_a-fvwrite.o)
                0x00002ab0                __sfvwrite_r
 .text._fwalk   0x00002dd0       0x48 c:/nxp/lpcxpresso_8.0.0_526/lpcxpresso/tools/bin/../lib/gcc/arm-none-eabi/4.9.3/../../../../arm-none-eabi/lib/armv7-m\libc.a(lib_a-fwalk.o)
                0x00002dd0                _fwalk
 .text._fwalk_reent
                0x00002e18       0x50 c:/nxp/lpcxpresso_8.0.0_526/lpcxpresso/tools/bin/../lib/gcc/arm-none-eabi/4.9.3/../../../../arm-none-eabi/lib/armv7-m\libc.a(lib_a-fwalk.o)
                0x00002e18                _fwalk_reent
 .text.__libc_init_array
                0x00002e68       0x50 c:/nxp/lpcxpresso_8.0.0_526/lpcxpresso/tools/bin/../lib/gcc/arm-none-eabi/4.9.3/../../../../arm-none-eabi/lib/armv7-m\libc.a(lib_a-init.o)
                0x00002e68                __libc_init_array
 .text.__smakebuf_r
                0x00002eb8       0xe0 c:/nxp/lpcxpresso_8.0.0_526/lpcxpresso/tools/bin/../lib/gcc/arm-none-eabi/4.9.3/../../../../arm-none-eabi/lib/armv7-m\libc.a(lib_a-makebuf.o)
                0x00002eb8                __smakebuf_r
 .text.malloc   0x00002f98       0x10 c:/nxp/lpcxpresso_8.0.0_526/lpcxpresso/tools/bin/../lib/gcc/arm-none-eabi/4.9.3/../../../../arm-none-eabi/lib/armv7-m\libc.a(lib_a-malloc.o)
                0x00002f98                malloc
 .text.free     0x00002fa8       0x10 c:/nxp/lpcxpresso_8.0.0_526/lpcxpresso/tools/bin/../lib/gcc/arm-none-eabi/4.9.3/../../../../arm-none-eabi/lib/armv7-m\libc.a(lib_a-malloc.o)
                0x00002fa8                free
 .text._malloc_r
                0x00002fb8      0x50c c:/nxp/lpcxpresso_8.0.0_526/lpcxpresso/tools/bin/../lib/gcc/arm-none-eabi/4.9.3/../../../../arm-none-eabi/lib/armv7-m\libc.a(lib_a-mallocr.o)
                0x00002fb8                _malloc_r
 .text.memchr   0x000034c4       0x94 c:/nxp/lpcxpresso_8.0.0_526/lpcxpresso/tools/bin/../lib/gcc/arm-none-eabi/4.9.3/../../../../arm-none-eabi/lib/armv7-m\libc.a(lib_a-memchr.o)
                0x000034c4                memchr
 .text          0x00003558       0xec c:/nxp/lpcxpresso_8.0.0_526/lpcxpresso/tools/bin/../lib/gcc/arm-none-eabi/4.9.3/../../../../arm-none-eabi/lib/armv7-m\libc.a(lib_a-memcpy.o)
                0x00003558                memcpy
 .text.memmove  0x00003644       0xc8 c:/nxp/lpcxpresso_8.0.0_526/lpcxpresso/tools/bin/../lib/gcc/arm-none-eabi/4.9.3/../../../../arm-none-eabi/lib/armv7-m\libc.a(lib_a-memmove.o)
                0x00003644                memmove
 .text.memset   0x0000370c       0x9c c:/nxp/lpcxpresso_8.0.0_526/lpcxpresso/tools/bin/../lib/gcc/arm-none-eabi/4.9.3/../../../../arm-none-eabi/lib/armv7-m\libc.a(lib_a-memset.o)
                0x0000370c                memset
 .text.__malloc_lock
                0x000037a8        0x4 c:/nxp/lpcxpresso_8.0.0_526/lpcxpresso/tools/bin/../lib/gcc/arm-none-eabi/4.9.3/../../../../arm-none-eabi/lib/armv7-m\libc.a(lib_a-mlock.o)
                0x000037a8                __malloc_lock
 .text.__malloc_unlock
                0x000037ac        0x4 c:/nxp/lpcxpresso_8.0.0_526/lpcxpresso/tools/bin/../lib/gcc/arm-none-eabi/4.9.3/../../../../arm-none-eabi/lib/armv7-m\libc.a(lib_a-mlock.o)
                0x000037ac                __malloc_unlock
 .text._open_r  0x000037b0       0x28 c:/nxp/lpcxpresso_8.0.0_526/lpcxpresso/tools/bin/../lib/gcc/arm-none-eabi/4.9.3/../../../../arm-none-eabi/lib/armv7-m\libc.a(lib_a-openr.o)
                0x000037b0                _open_r
 .text.printf   0x000037d8       0x28 c:/nxp/lpcxpresso_8.0.0_526/lpcxpresso/tools/bin/../lib/gcc/arm-none-eabi/4.9.3/../../../../arm-none-eabi/lib/armv7-m\libc.a(lib_a-printf.o)
                0x000037d8                printf
 .text._realloc_r
                0x00003800      0x3e0 c:/nxp/lpcxpresso_8.0.0_526/lpcxpresso/tools/bin/../lib/gcc/arm-none-eabi/4.9.3/../../../../arm-none-eabi/lib/armv7-m\libc.a(lib_a-reallocr.o)
                0x00003800                _realloc_r
 .text.lflush   0x00003be0       0x14 c:/nxp/lpcxpresso_8.0.0_526/lpcxpresso/tools/bin/../lib/gcc/arm-none-eabi/4.9.3/../../../../arm-none-eabi/lib/armv7-m\libc.a(lib_a-refill.o)
 .text.__srefill_r
                0x00003bf4      0x110 c:/nxp/lpcxpresso_8.0.0_526/lpcxpresso/tools/bin/../lib/gcc/arm-none-eabi/4.9.3/../../../../arm-none-eabi/lib/armv7-m\libc.a(lib_a-refill.o)
                0x00003bf4                __srefill_r
 .text._sbrk_r  0x00003d04       0x24 c:/nxp/lpcxpresso_8.0.0_526/lpcxpresso/tools/bin/../lib/gcc/arm-none-eabi/4.9.3/../../../../arm-none-eabi/lib/armv7-m\libc.a(lib_a-sbrkr.o)
                0x00003d04                _sbrk_r
 .text.setbuf   0x00003d28       0x10 c:/nxp/lpcxpresso_8.0.0_526/lpcxpresso/tools/bin/../lib/gcc/arm-none-eabi/4.9.3/../../../../arm-none-eabi/lib/armv7-m\libc.a(lib_a-setbuf.o)
                0x00003d28                setbuf
 .text.setvbuf  0x00003d38       0xf8 c:/nxp/lpcxpresso_8.0.0_526/lpcxpresso/tools/bin/../lib/gcc/arm-none-eabi/4.9.3/../../../../arm-none-eabi/lib/armv7-m\libc.a(lib_a-setvbuf.o)
                0x00003d38                setvbuf
 .text.sprintf  0x00003e30       0x4c c:/nxp/lpcxpresso_8.0.0_526/lpcxpresso/tools/bin/../lib/gcc/arm-none-eabi/4.9.3/../../../../arm-none-eabi/lib/armv7-m\libc.a(lib_a-sprintf.o)
                0x00003e30                sprintf
 .text.sscanf   0x00003e7c       0x58 c:/nxp/lpcxpresso_8.0.0_526/lpcxpresso/tools/bin/../lib/gcc/arm-none-eabi/4.9.3/../../../../arm-none-eabi/lib/armv7-m\libc.a(lib_a-sscanf.o)
                0x00003e7c                sscanf
 .text.__sread  0x00003ed4       0x24 c:/nxp/lpcxpresso_8.0.0_526/lpcxpresso/tools/bin/../lib/gcc/arm-none-eabi/4.9.3/../../../../arm-none-eabi/lib/armv7-m\libc.a(lib_a-stdio.o)
                0x00003ed4                __sread
 .text.__seofread
                0x00003ef8        0x4 c:/nxp/lpcxpresso_8.0.0_526/lpcxpresso/tools/bin/../lib/gcc/arm-none-eabi/4.9.3/../../../../arm-none-eabi/lib/armv7-m\libc.a(lib_a-stdio.o)
                0x00003ef8                __seofread
 .text.__swrite
                0x00003efc       0x38 c:/nxp/lpcxpresso_8.0.0_526/lpcxpresso/tools/bin/../lib/gcc/arm-none-eabi/4.9.3/../../../../arm-none-eabi/lib/armv7-m\libc.a(lib_a-stdio.o)
                0x00003efc                __swrite
 .text.__sseek  0x00003f34       0x20 c:/nxp/lpcxpresso_8.0.0_526/lpcxpresso/tools/bin/../lib/gcc/arm-none-eabi/4.9.3/../../../../arm-none-eabi/lib/armv7-m\libc.a(lib_a-stdio.o)
                0x00003f34                __sseek
 .text.__sclose
                0x00003f54        0x8 c:/nxp/lpcxpresso_8.0.0_526/lpcxpresso/tools/bin/../lib/gcc/arm-none-eabi/4.9.3/../../../../arm-none-eabi/lib/armv7-m\libc.a(lib_a-stdio.o)
                0x00003f54                __sclose
 .text          0x00003f5c      0x1bc c:/nxp/lpcxpresso_8.0.0_526/lpcxpresso/tools/bin/../lib/gcc/arm-none-eabi/4.9.3/../../../../arm-none-eabi/lib/armv7-m\libc.a(lib_a-strcmp.o)
                0x00003f5c                strcmp
 .text.strlen   0x00004118       0x5c c:/nxp/lpcxpresso_8.0.0_526/lpcxpresso/tools/bin/../lib/gcc/arm-none-eabi/4.9.3/../../../../arm-none-eabi/lib/armv7-m\libc.a(lib_a-strlen.o)
                0x00004118                strlen
 .text.strncmp  0x00004174       0x94 c:/nxp/lpcxpresso_8.0.0_526/lpcxpresso/tools/bin/../lib/gcc/arm-none-eabi/4.9.3/../../../../arm-none-eabi/lib/armv7-m\libc.a(lib_a-strncmp.o)
                0x00004174                strncmp
 .text._svfprintf_r
                0x00004208     0x14f4 c:/nxp/lpcxpresso_8.0.0_526/lpcxpresso/tools/bin/../lib/gcc/arm-none-eabi/4.9.3/../../../../arm-none-eabi/lib/armv7-m\libc.a(lib_a-svfprintf.o)
                0x00004208                _svfprintf_r
 .text.__ssvfscanf_r
                0x000056fc      0xdf4 c:/nxp/lpcxpresso_8.0.0_526/lpcxpresso/tools/bin/../lib/gcc/arm-none-eabi/4.9.3/../../../../arm-none-eabi/lib/armv7-m\libc.a(lib_a-svfscanf.o)
                0x000056fc                __ssvfscanf_r
 .text._vfprintf_r
                0x000064f0     0x1448 c:/nxp/lpcxpresso_8.0.0_526/lpcxpresso/tools/bin/../lib/gcc/arm-none-eabi/4.9.3/../../../../arm-none-eabi/lib/armv7-m\libc.a(lib_a-vfprintf.o)
                0x000064f0                _vfprintf_r
 .text.vfprintf
                0x00007938       0x18 c:/nxp/lpcxpresso_8.0.0_526/lpcxpresso/tools/bin/../lib/gcc/arm-none-eabi/4.9.3/../../../../arm-none-eabi/lib/armv7-m\libc.a(lib_a-vfprintf.o)
                0x00007938                vfprintf
 .text.__sbprintf
                0x00007950       0x7c c:/nxp/lpcxpresso_8.0.0_526/lpcxpresso/tools/bin/../lib/gcc/arm-none-eabi/4.9.3/../../../../arm-none-eabi/lib/armv7-m\libc.a(lib_a-vfprintf.o)
 .text.__swbuf_r
                0x000079cc       0xa8 c:/nxp/lpcxpresso_8.0.0_526/lpcxpresso/tools/bin/../lib/gcc/arm-none-eabi/4.9.3/../../../../arm-none-eabi/lib/armv7-m\libc.a(lib_a-wbuf.o)
                0x000079cc                __swbuf_r
 .text._write_r
                0x00007a74       0x28 c:/nxp/lpcxpresso_8.0.0_526/lpcxpresso/tools/bin/../lib/gcc/arm-none-eabi/4.9.3/../../../../arm-none-eabi/lib/armv7-m\libc.a(lib_a-writer.o)
                0x00007a74                _write_r
 .text.__swsetup_r
                0x00007a9c       0xc4 c:/nxp/lpcxpresso_8.0.0_526/lpcxpresso/tools/bin/../lib/gcc/arm-none-eabi/4.9.3/../../../../arm-none-eabi/lib/armv7-m\libc.a(lib_a-wsetup.o)
                0x00007a9c                __swsetup_r
 .text._close_r
                0x00007b60       0x24 c:/nxp/lpcxpresso_8.0.0_526/lpcxpresso/tools/bin/../lib/gcc/arm-none-eabi/4.9.3/../../../../arm-none-eabi/lib/armv7-m\libc.a(lib_a-closer.o)
                0x00007b60                _close_r
 .text.quorem   0x00007b84      0x130 c:/nxp/lpcxpresso_8.0.0_526/lpcxpresso/tools/bin/../lib/gcc/arm-none-eabi/4.9.3/../../../../arm-none-eabi/lib/armv7-m\libc.a(lib_a-dtoa.o)
 *fill*         0x00007cb4        0x4 
 .text._dtoa_r  0x00007cb8      0xea4 c:/nxp/lpcxpresso_8.0.0_526/lpcxpresso/tools/bin/../lib/gcc/arm-none-eabi/4.9.3/../../../../arm-none-eabi/lib/armv7-m\libc.a(lib_a-dtoa.o)
                0x00007cb8                _dtoa_r
 .text.__sflags
                0x00008b5c       0x74 c:/nxp/lpcxpresso_8.0.0_526/lpcxpresso/tools/bin/../lib/gcc/arm-none-eabi/4.9.3/../../../../arm-none-eabi/lib/armv7-m\libc.a(lib_a-flags.o)
                0x00008b5c                __sflags
 .text._isatty_r
                0x00008bd0       0x24 c:/nxp/lpcxpresso_8.0.0_526/lpcxpresso/tools/bin/../lib/gcc/arm-none-eabi/4.9.3/../../../../arm-none-eabi/lib/armv7-m\libc.a(lib_a-isattyr.o)
                0x00008bd0                _isatty_r
 .text.iswspace
                0x00008bf4       0x1c c:/nxp/lpcxpresso_8.0.0_526/lpcxpresso/tools/bin/../lib/gcc/arm-none-eabi/4.9.3/../../../../arm-none-eabi/lib/armv7-m\libc.a(lib_a-iswspace.o)
                0x00008bf4                iswspace
 .text.__locale_charset
                0x00008c10        0x8 c:/nxp/lpcxpresso_8.0.0_526/lpcxpresso/tools/bin/../lib/gcc/arm-none-eabi/4.9.3/../../../../arm-none-eabi/lib/armv7-m\libc.a(lib_a-locale.o)
                0x00008c10                __locale_charset
 .text.__locale_mb_cur_max
                0x00008c18        0xc c:/nxp/lpcxpresso_8.0.0_526/lpcxpresso/tools/bin/../lib/gcc/arm-none-eabi/4.9.3/../../../../arm-none-eabi/lib/armv7-m\libc.a(lib_a-locale.o)
                0x00008c18                __locale_mb_cur_max
 .text._localeconv_r
                0x00008c24        0x8 c:/nxp/lpcxpresso_8.0.0_526/lpcxpresso/tools/bin/../lib/gcc/arm-none-eabi/4.9.3/../../../../arm-none-eabi/lib/armv7-m\libc.a(lib_a-locale.o)
                0x00008c24                _localeconv_r
 .text._lseek_r
                0x00008c2c       0x28 c:/nxp/lpcxpresso_8.0.0_526/lpcxpresso/tools/bin/../lib/gcc/arm-none-eabi/4.9.3/../../../../arm-none-eabi/lib/armv7-m\libc.a(lib_a-lseekr.o)
                0x00008c2c                _lseek_r
 .text._mbrtowc_r
                0x00008c54       0x5c c:/nxp/lpcxpresso_8.0.0_526/lpcxpresso/tools/bin/../lib/gcc/arm-none-eabi/4.9.3/../../../../arm-none-eabi/lib/armv7-m\libc.a(lib_a-mbrtowc.o)
                0x00008c54                _mbrtowc_r
 .text.__ascii_mbtowc
                0x00008cb0       0x2c c:/nxp/lpcxpresso_8.0.0_526/lpcxpresso/tools/bin/../lib/gcc/arm-none-eabi/4.9.3/../../../../arm-none-eabi/lib/armv7-m\libc.a(lib_a-mbtowc_r.o)
                0x00008cb0                __ascii_mbtowc
 .text._Balloc  0x00008cdc       0x50 c:/nxp/lpcxpresso_8.0.0_526/lpcxpresso/tools/bin/../lib/gcc/arm-none-eabi/4.9.3/../../../../arm-none-eabi/lib/armv7-m\libc.a(lib_a-mprec.o)
                0x00008cdc                _Balloc
 .text._Bfree   0x00008d2c       0x14 c:/nxp/lpcxpresso_8.0.0_526/lpcxpresso/tools/bin/../lib/gcc/arm-none-eabi/4.9.3/../../../../arm-none-eabi/lib/armv7-m\libc.a(lib_a-mprec.o)
                0x00008d2c                _Bfree
 .text.__multadd
                0x00008d40       0x84 c:/nxp/lpcxpresso_8.0.0_526/lpcxpresso/tools/bin/../lib/gcc/arm-none-eabi/4.9.3/../../../../arm-none-eabi/lib/armv7-m\libc.a(lib_a-mprec.o)
                0x00008d40                __multadd
 .text.__s2b    0x00008dc4       0x98 c:/nxp/lpcxpresso_8.0.0_526/lpcxpresso/tools/bin/../lib/gcc/arm-none-eabi/4.9.3/../../../../arm-none-eabi/lib/armv7-m\libc.a(lib_a-mprec.o)
                0x00008dc4                __s2b
 .text.__hi0bits
                0x00008e5c       0x40 c:/nxp/lpcxpresso_8.0.0_526/lpcxpresso/tools/bin/../lib/gcc/arm-none-eabi/4.9.3/../../../../arm-none-eabi/lib/armv7-m\libc.a(lib_a-mprec.o)
                0x00008e5c                __hi0bits
 .text.__lo0bits
                0x00008e9c       0x5c c:/nxp/lpcxpresso_8.0.0_526/lpcxpresso/tools/bin/../lib/gcc/arm-none-eabi/4.9.3/../../../../arm-none-eabi/lib/armv7-m\libc.a(lib_a-mprec.o)
                0x00008e9c                __lo0bits
 .text.__i2b    0x00008ef8       0x14 c:/nxp/lpcxpresso_8.0.0_526/lpcxpresso/tools/bin/../lib/gcc/arm-none-eabi/4.9.3/../../../../arm-none-eabi/lib/armv7-m\libc.a(lib_a-mprec.o)
                0x00008ef8                __i2b
 .text.__multiply
                0x00008f0c      0x140 c:/nxp/lpcxpresso_8.0.0_526/lpcxpresso/tools/bin/../lib/gcc/arm-none-eabi/4.9.3/../../../../arm-none-eabi/lib/armv7-m\libc.a(lib_a-mprec.o)
                0x00008f0c                __multiply
 .text.__pow5mult
                0x0000904c       0xa0 c:/nxp/lpcxpresso_8.0.0_526/lpcxpresso/tools/bin/../lib/gcc/arm-none-eabi/4.9.3/../../../../arm-none-eabi/lib/armv7-m\libc.a(lib_a-mprec.o)
                0x0000904c                __pow5mult
 .text.__lshift
                0x000090ec       0xb0 c:/nxp/lpcxpresso_8.0.0_526/lpcxpresso/tools/bin/../lib/gcc/arm-none-eabi/4.9.3/../../../../arm-none-eabi/lib/armv7-m\libc.a(lib_a-mprec.o)
                0x000090ec                __lshift
 .text.__mcmp   0x0000919c       0x48 c:/nxp/lpcxpresso_8.0.0_526/lpcxpresso/tools/bin/../lib/gcc/arm-none-eabi/4.9.3/../../../../arm-none-eabi/lib/armv7-m\libc.a(lib_a-mprec.o)
                0x0000919c                __mcmp
 .text.__mdiff  0x000091e4       0xe4 c:/nxp/lpcxpresso_8.0.0_526/lpcxpresso/tools/bin/../lib/gcc/arm-none-eabi/4.9.3/../../../../arm-none-eabi/lib/armv7-m\libc.a(lib_a-mprec.o)
                0x000091e4                __mdiff
 .text.__ulp    0x000092c8       0x44 c:/nxp/lpcxpresso_8.0.0_526/lpcxpresso/tools/bin/../lib/gcc/arm-none-eabi/4.9.3/../../../../arm-none-eabi/lib/armv7-m\libc.a(lib_a-mprec.o)
                0x000092c8                __ulp
 .text.__b2d    0x0000930c       0xd0 c:/nxp/lpcxpresso_8.0.0_526/lpcxpresso/tools/bin/../lib/gcc/arm-none-eabi/4.9.3/../../../../arm-none-eabi/lib/armv7-m\libc.a(lib_a-mprec.o)
                0x0000930c                __b2d
 .text.__d2b    0x000093dc       0xa8 c:/nxp/lpcxpresso_8.0.0_526/lpcxpresso/tools/bin/../lib/gcc/arm-none-eabi/4.9.3/../../../../arm-none-eabi/lib/armv7-m\libc.a(lib_a-mprec.o)
                0x000093dc                __d2b
 .text.__ratio  0x00009484       0x58 c:/nxp/lpcxpresso_8.0.0_526/lpcxpresso/tools/bin/../lib/gcc/arm-none-eabi/4.9.3/../../../../arm-none-eabi/lib/armv7-m\libc.a(lib_a-mprec.o)
                0x00009484                __ratio
 .text.__copybits
                0x000094dc       0x48 c:/nxp/lpcxpresso_8.0.0_526/lpcxpresso/tools/bin/../lib/gcc/arm-none-eabi/4.9.3/../../../../arm-none-eabi/lib/armv7-m\libc.a(lib_a-mprec.o)
                0x000094dc                __copybits
 .text.__any_on
                0x00009524       0x5c c:/nxp/lpcxpresso_8.0.0_526/lpcxpresso/tools/bin/../lib/gcc/arm-none-eabi/4.9.3/../../../../arm-none-eabi/lib/armv7-m\libc.a(lib_a-mprec.o)
                0x00009524                __any_on
 .text._read_r  0x00009580       0x28 c:/nxp/lpcxpresso_8.0.0_526/lpcxpresso/tools/bin/../lib/gcc/arm-none-eabi/4.9.3/../../../../arm-none-eabi/lib/armv7-m\libc.a(lib_a-readr.o)
                0x00009580                _read_r
 .text.__fpclassifyd
                0x000095a8       0x58 c:/nxp/lpcxpresso_8.0.0_526/lpcxpresso/tools/bin/../lib/gcc/arm-none-eabi/4.9.3/../../../../arm-none-eabi/lib/armv7-m\libc.a(lib_a-s_fpclassify.o)
                0x000095a8                __fpclassifyd
 .text.__sccl   0x00009600       0x78 c:/nxp/lpcxpresso_8.0.0_526/lpcxpresso/tools/bin/../lib/gcc/arm-none-eabi/4.9.3/../../../../arm-none-eabi/lib/armv7-m\libc.a(lib_a-sccl.o)
                0x00009600                __sccl
 .text.nanf     0x00009678        0x8 c:/nxp/lpcxpresso_8.0.0_526/lpcxpresso/tools/bin/../lib/gcc/arm-none-eabi/4.9.3/../../../../arm-none-eabi/lib/armv7-m\libc.a(lib_a-sf_nan.o)
                0x00009678                nanf
 .text.sulp     0x00009680       0x44 c:/nxp/lpcxpresso_8.0.0_526/lpcxpresso/tools/bin/../lib/gcc/arm-none-eabi/4.9.3/../../../../arm-none-eabi/lib/armv7-m\libc.a(lib_a-strtod.o)
 *fill*         0x000096c4        0x4 
 .text._strtod_r
                0x000096c8      0xf30 c:/nxp/lpcxpresso_8.0.0_526/lpcxpresso/tools/bin/../lib/gcc/arm-none-eabi/4.9.3/../../../../arm-none-eabi/lib/armv7-m\libc.a(lib_a-strtod.o)
                0x000096c8                _strtod_r
 .text._strtol_r
                0x0000a5f8      0x11c c:/nxp/lpcxpresso_8.0.0_526/lpcxpresso/tools/bin/../lib/gcc/arm-none-eabi/4.9.3/../../../../arm-none-eabi/lib/armv7-m\libc.a(lib_a-strtol.o)
                0x0000a5f8                _strtol_r
 .text._strtoll_r
                0x0000a714      0x1cc c:/nxp/lpcxpresso_8.0.0_526/lpcxpresso/tools/bin/../lib/gcc/arm-none-eabi/4.9.3/../../../../arm-none-eabi/lib/armv7-m\libc.a(lib_a-strtoll_r.o)
                0x0000a714                _strtoll_r
 .text._strtoul_r
                0x0000a8e0      0x134 c:/nxp/lpcxpresso_8.0.0_526/lpcxpresso/tools/bin/../lib/gcc/arm-none-eabi/4.9.3/../../../../arm-none-eabi/lib/armv7-m\libc.a(lib_a-strtoul.o)
                0x0000a8e0                _strtoul_r
 .text._strtoull_r
                0x0000aa14      0x1e8 c:/nxp/lpcxpresso_8.0.0_526/lpcxpresso/tools/bin/../lib/gcc/arm-none-eabi/4.9.3/../../../../arm-none-eabi/lib/armv7-m\libc.a(lib_a-strtoull_r.o)
                0x0000aa14                _strtoull_r
 .text.__ssprint_r
                0x0000abfc      0x104 c:/nxp/lpcxpresso_8.0.0_526/lpcxpresso/tools/bin/../lib/gcc/arm-none-eabi/4.9.3/../../../../arm-none-eabi/lib/armv7-m\libc.a(lib_a-svfiprintf.o)
                0x0000abfc                __ssprint_r
 .text._sungetc_r
                0x0000ad00       0x88 c:/nxp/lpcxpresso_8.0.0_526/lpcxpresso/tools/bin/../lib/gcc/arm-none-eabi/4.9.3/../../../../arm-none-eabi/lib/armv7-m\libc.a(lib_a-svfiscanf.o)
                0x0000ad00                _sungetc_r
 .text.__ssrefill_r
                0x0000ad88       0x3c c:/nxp/lpcxpresso_8.0.0_526/lpcxpresso/tools/bin/../lib/gcc/arm-none-eabi/4.9.3/../../../../arm-none-eabi/lib/armv7-m\libc.a(lib_a-svfiscanf.o)
                0x0000ad88                __ssrefill_r
 .text._sfread_r
                0x0000adc4       0x80 c:/nxp/lpcxpresso_8.0.0_526/lpcxpresso/tools/bin/../lib/gcc/arm-none-eabi/4.9.3/../../../../arm-none-eabi/lib/armv7-m\libc.a(lib_a-svfiscanf.o)
                0x0000adc4                _sfread_r
 .text.__submore
                0x0000ae44       0x7c c:/nxp/lpcxpresso_8.0.0_526/lpcxpresso/tools/bin/../lib/gcc/arm-none-eabi/4.9.3/../../../../arm-none-eabi/lib/armv7-m\libc.a(lib_a-ungetc.o)
                0x0000ae44                __submore
 .text.__sprint_r.part.0
                0x0000aec0       0x78 c:/nxp/lpcxpresso_8.0.0_526/lpcxpresso/tools/bin/../lib/gcc/arm-none-eabi/4.9.3/../../../../arm-none-eabi/lib/armv7-m\libc.a(lib_a-vfiprintf.o)
 .text.__sprint_r
                0x0000af38       0x18 c:/nxp/lpcxpresso_8.0.0_526/lpcxpresso/tools/bin/../lib/gcc/arm-none-eabi/4.9.3/../../../../arm-none-eabi/lib/armv7-m\libc.a(lib_a-vfiprintf.o)
                0x0000af38                __sprint_r
 .text._calloc_r
                0x0000af50       0x60 c:/nxp/lpcxpresso_8.0.0_526/lpcxpresso/tools/bin/../lib/gcc/arm-none-eabi/4.9.3/../../../../arm-none-eabi/lib/armv7-m\libc.a(lib_a-callocr.o)
                0x0000af50                _calloc_r
 .text.__fputwc
                0x0000afb0       0xb0 c:/nxp/lpcxpresso_8.0.0_526/lpcxpresso/tools/bin/../lib/gcc/arm-none-eabi/4.9.3/../../../../arm-none-eabi/lib/armv7-m\libc.a(lib_a-fputwc.o)
                0x0000afb0                __fputwc
 .text._fputwc_r
                0x0000b060       0x24 c:/nxp/lpcxpresso_8.0.0_526/lpcxpresso/tools/bin/../lib/gcc/arm-none-eabi/4.9.3/../../../../arm-none-eabi/lib/armv7-m\libc.a(lib_a-fputwc.o)
                0x0000b060                _fputwc_r
 .text.rshift   0x0000b084       0xa0 c:/nxp/lpcxpresso_8.0.0_526/lpcxpresso/tools/bin/../lib/gcc/arm-none-eabi/4.9.3/../../../../arm-none-eabi/lib/armv7-m\libc.a(lib_a-gdtoa-gethex.o)
 .text.__gethex
                0x0000b124      0x514 c:/nxp/lpcxpresso_8.0.0_526/lpcxpresso/tools/bin/../lib/gcc/arm-none-eabi/4.9.3/../../../../arm-none-eabi/lib/armv7-m\libc.a(lib_a-gdtoa-gethex.o)
                0x0000b124                __gethex
 .text.__hexnan
                0x0000b638      0x184 c:/nxp/lpcxpresso_8.0.0_526/lpcxpresso/tools/bin/../lib/gcc/arm-none-eabi/4.9.3/../../../../arm-none-eabi/lib/armv7-m\libc.a(lib_a-gdtoa-hexnan.o)
                0x0000b638                __hexnan
 .text._wcrtomb_r
                0x0000b7bc       0x54 c:/nxp/lpcxpresso_8.0.0_526/lpcxpresso/tools/bin/../lib/gcc/arm-none-eabi/4.9.3/../../../../arm-none-eabi/lib/armv7-m\libc.a(lib_a-wcrtomb.o)
                0x0000b7bc                _wcrtomb_r
 .text.__ascii_wctomb
                0x0000b810       0x1c c:/nxp/lpcxpresso_8.0.0_526/lpcxpresso/tools/bin/../lib/gcc/arm-none-eabi/4.9.3/../../../../arm-none-eabi/lib/armv7-m\libc.a(lib_a-wctomb_r.o)
                0x0000b810                __ascii_wctomb
 .text._sbrk    0x0000b82c       0x3c c:/nxp/lpcxpresso_8.0.0_526/lpcxpresso/tools/bin/../lib/gcc/arm-none-eabi/4.9.3/../../../../arm-none-eabi/lib/armv7-m\libcr_newlib_nohost.a(_cr_sbrk.o)
                0x0000b82c                _sbrk
 .text.__check_heap_overflow
                0x0000b868       0x18 c:/nxp/lpcxpresso_8.0.0_526/lpcxpresso/tools/bin/../lib/gcc/arm-none-eabi/4.9.3/../../../../arm-none-eabi/lib/armv7-m\libcr_newlib_nohost.a(_cr_check_heap.o)
                0x0000b868                __check_heap_overflow
 .text          0x0000b880       0x5c c:/nxp/lpcxpresso_8.0.0_526/lpcxpresso/tools/bin/../lib/gcc/arm-none-eabi/4.9.3/armv7-m\crtbegin.o
 .text          0x0000b8dc      0x370 c:/nxp/lpcxpresso_8.0.0_526/lpcxpresso/tools/bin/../lib/gcc/arm-none-eabi/4.9.3/armv7-m\libgcc.a(_arm_addsubdf3.o)
                0x0000b8dc                __aeabi_drsub
                0x0000b8e4                __aeabi_dsub
                0x0000b8e4                __subdf3
                0x0000b8e8                __aeabi_dadd
                0x0000b8e8                __adddf3
                0x0000bb60                __floatunsidf
                0x0000bb60                __aeabi_ui2d
                0x0000bb80                __floatsidf
                0x0000bb80                __aeabi_i2d
                0x0000bba4                __aeabi_f2d
                0x0000bba4                __extendsfdf2
                0x0000bbe0                __floatundidf
                0x0000bbe0                __aeabi_ul2d
                0x0000bbf0                __floatdidf
                0x0000bbf0                __aeabi_l2d
 .text          0x0000bc4c      0x424 c:/nxp/lpcxpresso_8.0.0_526/lpcxpresso/tools/bin/../lib/gcc/arm-none-eabi/4.9.3/armv7-m\libgcc.a(_arm_muldivdf3.o)
                0x0000bc4c                __aeabi_dmul
                0x0000bc4c                __muldf3
                0x0000bea0                __divdf3
                0x0000bea0                __aeabi_ddiv
 .text          0x0000c070      0x110 c:/nxp/lpcxpresso_8.0.0_526/lpcxpresso/tools/bin/../lib/gcc/arm-none-eabi/4.9.3/armv7-m\libgcc.a(_arm_cmpdf2.o)
                0x0000c070                __gtdf2
                0x0000c070                __gedf2
                0x0000c078                __ltdf2
                0x0000c078                __ledf2
                0x0000c080                __nedf2
                0x0000c080                __eqdf2
                0x0000c080                __cmpdf2
                0x0000c0fc                __aeabi_cdrcmple
                0x0000c10c                __aeabi_cdcmpeq
                0x0000c10c                __aeabi_cdcmple
                0x0000c11c                __aeabi_dcmpeq
                0x0000c130                __aeabi_dcmplt
                0x0000c144                __aeabi_dcmple
                0x0000c158                __aeabi_dcmpge
                0x0000c16c                __aeabi_dcmpgt
 .text          0x0000c180       0x50 c:/nxp/lpcxpresso_8.0.0_526/lpcxpresso/tools/bin/../lib/gcc/arm-none-eabi/4.9.3/armv7-m\libgcc.a(_arm_fixdfsi.o)
                0x0000c180                __aeabi_d2iz
                0x0000c180                __fixdfsi
 .text          0x0000c1d0       0x40 c:/nxp/lpcxpresso_8.0.0_526/lpcxpresso/tools/bin/../lib/gcc/arm-none-eabi/4.9.3/armv7-m\libgcc.a(_arm_fixunsdfsi.o)
                0x0000c1d0                __aeabi_d2uiz
                0x0000c1d0                __fixunsdfsi
 .text          0x0000c210       0xa0 c:/nxp/lpcxpresso_8.0.0_526/lpcxpresso/tools/bin/../lib/gcc/arm-none-eabi/4.9.3/armv7-m\libgcc.a(_arm_truncdfsf2.o)
                0x0000c210                __truncdfsf2
                0x0000c210                __aeabi_d2f
 *(.rodata .rodata.*)
 .rodata        0x0000c2b0       0x29 ./main.o
 *fill*         0x0000c2d9        0x7 
 .rodata._ZTVN4mbed10SerialBaseE
                0x0000c2e0       0x10 ./main.o
                0x0000c2e0                vtable for mbed::SerialBase
 .rodata.str1.4
                0x0000c2f0       0x85 D:/Dropbox/__Lab Dev/2016_mbed/mbed_UART0/mbed/TARGET_LPC1768/TOOLCHAIN_GCC_CR/board.o
                                 0x88 (size before relaxing)
 *fill*         0x0000c375        0x3 
 .rodata.__stdin_name
                0x0000c378        0x8 D:/Dropbox/__Lab Dev/2016_mbed/mbed_UART0/mbed/TARGET_LPC1768/TOOLCHAIN_GCC_CR/retarget.o
                0x0000c378                __stdin_name
 .rodata.__stderr_name
                0x0000c380        0x8 D:/Dropbox/__Lab Dev/2016_mbed/mbed_UART0/mbed/TARGET_LPC1768/TOOLCHAIN_GCC_CR/retarget.o
                0x0000c380                __stderr_name
 .rodata.__stdout_name
                0x0000c388        0x8 D:/Dropbox/__Lab Dev/2016_mbed/mbed_UART0/mbed/TARGET_LPC1768/TOOLCHAIN_GCC_CR/retarget.o
                0x0000c388                __stdout_name
 .rodata._ZTVN4mbed10FileHandleE
                0x0000c390       0x30 D:/Dropbox/__Lab Dev/2016_mbed/mbed_UART0/mbed/TARGET_LPC1768/TOOLCHAIN_GCC_CR/retarget.o
                0x0000c390                vtable for mbed::FileHandle
 .rodata.str1.4
                0x0000c3c0        0xe D:/Dropbox/__Lab Dev/2016_mbed/mbed_UART0/mbed/TARGET_LPC1768/TOOLCHAIN_GCC_CR/retarget.o
                                 0x10 (size before relaxing)
 *fill*         0x0000c3ce        0x2 
 .rodata.str1.4
                0x0000c3d0       0x7b D:\Dropbox\__Lab Dev\2016_mbed\mbed_UART0\mbed\TARGET_LPC1768\TOOLCHAIN_GCC_CR\libmbed.a(analogin_api.o)
                                 0x7c (size before relaxing)
 *fill*         0x0000c44b        0x1 
 .rodata.PinMap_ADC
                0x0000c44c       0x6c D:\Dropbox\__Lab Dev\2016_mbed\mbed_UART0\mbed\TARGET_LPC1768\TOOLCHAIN_GCC_CR\libmbed.a(analogin_api.o)
 .rodata.PinMap_UART_RTS
                0x0000c4b8       0x24 D:\Dropbox\__Lab Dev\2016_mbed\mbed_UART0\mbed\TARGET_LPC1768\TOOLCHAIN_GCC_CR\libmbed.a(serial_api.o)
 .rodata.CSWTCH.24
                0x0000c4dc       0x10 D:\Dropbox\__Lab Dev\2016_mbed\mbed_UART0\mbed\TARGET_LPC1768\TOOLCHAIN_GCC_CR\libmbed.a(serial_api.o)
 .rodata.PinMap_UART_RX
                0x0000c4ec       0x6c D:\Dropbox\__Lab Dev\2016_mbed\mbed_UART0\mbed\TARGET_LPC1768\TOOLCHAIN_GCC_CR\libmbed.a(serial_api.o)
 .rodata.str1.4
                0x0000c558      0x160 D:\Dropbox\__Lab Dev\2016_mbed\mbed_UART0\mbed\TARGET_LPC1768\TOOLCHAIN_GCC_CR\libmbed.a(serial_api.o)
 .rodata.PinMap_UART_TX
                0x0000c6b8       0x6c D:\Dropbox\__Lab Dev\2016_mbed\mbed_UART0\mbed\TARGET_LPC1768\TOOLCHAIN_GCC_CR\libmbed.a(serial_api.o)
 .rodata.PinMap_UART_CTS
                0x0000c724       0x24 D:\Dropbox\__Lab Dev\2016_mbed\mbed_UART0\mbed\TARGET_LPC1768\TOOLCHAIN_GCC_CR\libmbed.a(serial_api.o)
 .rodata._ZTVN4mbed6SerialE
                0x0000c748       0x60 D:\Dropbox\__Lab Dev\2016_mbed\mbed_UART0\mbed\TARGET_LPC1768\TOOLCHAIN_GCC_CR\libmbed.a(Serial.o)
                0x0000c748                vtable for mbed::Serial
 .rodata._ZTVN4mbed6StreamE
                0x0000c7a8       0x48 D:\Dropbox\__Lab Dev\2016_mbed\mbed_UART0\mbed\TARGET_LPC1768\TOOLCHAIN_GCC_CR\libmbed.a(Stream.o)
                0x0000c7a8                vtable for mbed::Stream
 .rodata.str1.4
                0x0000c7f0        0x3 D:\Dropbox\__Lab Dev\2016_mbed\mbed_UART0\mbed\TARGET_LPC1768\TOOLCHAIN_GCC_CR\libmbed.a(Stream.o)
                                  0x8 (size before relaxing)
 *fill*         0x0000c7f3        0x1 
 .rodata.str1.4
                0x0000c7f4       0x31 D:\Dropbox\__Lab Dev\2016_mbed\mbed_UART0\mbed\TARGET_LPC1768\TOOLCHAIN_GCC_CR\libmbed.a(assert.o)
                                 0x34 (size before relaxing)
 .rodata.str1.4
                0x00000000       0x88 D:\Dropbox\__Lab Dev\2016_mbed\mbed_UART0\mbed\TARGET_LPC1768\TOOLCHAIN_GCC_CR\libmbed.a(gpio.o)
 *fill*         0x0000c825        0x3 
 .rodata.str1.4
                0x0000c828       0x66 D:\Dropbox\__Lab Dev\2016_mbed\mbed_UART0\mbed\TARGET_LPC1768\TOOLCHAIN_GCC_CR\libmbed.a(pinmap_common.o)
                                 0x68 (size before relaxing)
 *fill*         0x0000c88e        0x2 
 .rodata.str1.4
                0x0000c890       0x73 D:\Dropbox\__Lab Dev\2016_mbed\mbed_UART0\mbed\TARGET_LPC1768\TOOLCHAIN_GCC_CR\libmbed.a(gpio_api.o)
                                 0x8c (size before relaxing)
 *fill*         0x0000c903        0x1 
 .rodata.str1.4
                0x0000c904       0x5d D:\Dropbox\__Lab Dev\2016_mbed\mbed_UART0\mbed\TARGET_LPC1768\TOOLCHAIN_GCC_CR\libmbed.a(pinmap.o)
                                 0x74 (size before relaxing)
 *fill*         0x0000c961        0x7 
 .rodata._ZTVN4mbed8FileBaseE
                0x0000c968       0x10 D:\Dropbox\__Lab Dev\2016_mbed\mbed_UART0\mbed\TARGET_LPC1768\TOOLCHAIN_GCC_CR\libmbed.a(FileBase.o)
                0x0000c968                vtable for mbed::FileBase
 .rodata._ZTVN4mbed8FileLikeE
                0x0000c978       0x40 D:\Dropbox\__Lab Dev\2016_mbed\mbed_UART0\mbed\TARGET_LPC1768\TOOLCHAIN_GCC_CR\libmbed.a(FileLike.o)
                0x0000c978                vtable for mbed::FileLike
 .rodata.us_interface
                0x0000c9b8       0x14 D:\Dropbox\__Lab Dev\2016_mbed\mbed_UART0\mbed\TARGET_LPC1768\TOOLCHAIN_GCC_CR\libmbed.a(us_ticker_api.o)
 .rodata.us_data
                0x0000c9cc        0x8 D:\Dropbox\__Lab Dev\2016_mbed\mbed_UART0\mbed\TARGET_LPC1768\TOOLCHAIN_GCC_CR\libmbed.a(us_ticker_api.o)
 .rodata.str1.4
                0x0000c9d4        0x2 c:/nxp/lpcxpresso_8.0.0_526/lpcxpresso/tools/bin/../lib/gcc/arm-none-eabi/4.9.3/../../../../arm-none-eabi/lib/armv7-m\libc.a(lib_a-impure.o)
 *fill*         0x0000c9d6        0x2 
 .rodata._global_impure_ptr
                0x0000c9d8        0x4 c:/nxp/lpcxpresso_8.0.0_526/lpcxpresso/tools/bin/../lib/gcc/arm-none-eabi/4.9.3/../../../../arm-none-eabi/lib/armv7-m\libc.a(lib_a-impure.o)
                0x0000c9d8                _global_impure_ptr
 .rodata.zeroes.6911
                0x0000c9dc       0x10 c:/nxp/lpcxpresso_8.0.0_526/lpcxpresso/tools/bin/../lib/gcc/arm-none-eabi/4.9.3/../../../../arm-none-eabi/lib/armv7-m\libc.a(lib_a-svfprintf.o)
 .rodata.blanks.6910
                0x0000c9ec       0x10 c:/nxp/lpcxpresso_8.0.0_526/lpcxpresso/tools/bin/../lib/gcc/arm-none-eabi/4.9.3/../../../../arm-none-eabi/lib/armv7-m\libc.a(lib_a-svfprintf.o)
 .rodata.str1.4
                0x0000c9fc       0x42 c:/nxp/lpcxpresso_8.0.0_526/lpcxpresso/tools/bin/../lib/gcc/arm-none-eabi/4.9.3/../../../../arm-none-eabi/lib/armv7-m\libc.a(lib_a-svfprintf.o)
 *fill*         0x0000ca3e        0x2 
 .rodata.str1.4
                0x0000ca40        0x5 c:/nxp/lpcxpresso_8.0.0_526/lpcxpresso/tools/bin/../lib/gcc/arm-none-eabi/4.9.3/../../../../arm-none-eabi/lib/armv7-m\libc.a(lib_a-svfscanf.o)
 *fill*         0x0000ca45        0x3 
 .rodata.basefix.6862
                0x0000ca48       0x22 c:/nxp/lpcxpresso_8.0.0_526/lpcxpresso/tools/bin/../lib/gcc/arm-none-eabi/4.9.3/../../../../arm-none-eabi/lib/armv7-m\libc.a(lib_a-svfscanf.o)
 *fill*         0x0000ca6a        0x2 
 .rodata.zeroes.6926
                0x0000ca6c       0x10 c:/nxp/lpcxpresso_8.0.0_526/lpcxpresso/tools/bin/../lib/gcc/arm-none-eabi/4.9.3/../../../../arm-none-eabi/lib/armv7-m\libc.a(lib_a-vfprintf.o)
 .rodata.str1.4
                0x00000000       0x42 c:/nxp/lpcxpresso_8.0.0_526/lpcxpresso/tools/bin/../lib/gcc/arm-none-eabi/4.9.3/../../../../arm-none-eabi/lib/armv7-m\libc.a(lib_a-vfprintf.o)
 .rodata.blanks.6925
                0x0000ca7c       0x10 c:/nxp/lpcxpresso_8.0.0_526/lpcxpresso/tools/bin/../lib/gcc/arm-none-eabi/4.9.3/../../../../arm-none-eabi/lib/armv7-m\libc.a(lib_a-vfprintf.o)
 .rodata._ctype_
                0x0000ca8c      0x101 c:/nxp/lpcxpresso_8.0.0_526/lpcxpresso/tools/bin/../lib/gcc/arm-none-eabi/4.9.3/../../../../arm-none-eabi/lib/armv7-m\libc.a(lib_a-ctype_.o)
                0x0000ca8c                _ctype_
 *fill*         0x0000cb8d        0x3 
 .rodata.str1.4
                0x0000cb90       0x10 c:/nxp/lpcxpresso_8.0.0_526/lpcxpresso/tools/bin/../lib/gcc/arm-none-eabi/4.9.3/../../../../arm-none-eabi/lib/armv7-m\libc.a(lib_a-dtoa.o)
                                 0x12 (size before relaxing)
 .rodata.str1.4
                0x0000cba0        0xa c:/nxp/lpcxpresso_8.0.0_526/lpcxpresso/tools/bin/../lib/gcc/arm-none-eabi/4.9.3/../../../../arm-none-eabi/lib/armv7-m\libc.a(lib_a-locale.o)
                                 0x12 (size before relaxing)
 .rodata.str1.4
                0x00000000        0x1 c:/nxp/lpcxpresso_8.0.0_526/lpcxpresso/tools/bin/../lib/gcc/arm-none-eabi/4.9.3/../../../../arm-none-eabi/lib/armv7-m\libc.a(lib_a-mbrtowc.o)
 *fill*         0x0000cbaa        0x6 
 .rodata.__mprec_tens
                0x0000cbb0       0xc8 c:/nxp/lpcxpresso_8.0.0_526/lpcxpresso/tools/bin/../lib/gcc/arm-none-eabi/4.9.3/../../../../arm-none-eabi/lib/armv7-m\libc.a(lib_a-mprec.o)
                0x0000cbb0                __mprec_tens
 .rodata.p05.5302
                0x0000cc78        0xc c:/nxp/lpcxpresso_8.0.0_526/lpcxpresso/tools/bin/../lib/gcc/arm-none-eabi/4.9.3/../../../../arm-none-eabi/lib/armv7-m\libc.a(lib_a-mprec.o)
 *fill*         0x0000cc84        0x4 
 .rodata.__mprec_bigtens
                0x0000cc88       0x28 c:/nxp/lpcxpresso_8.0.0_526/lpcxpresso/tools/bin/../lib/gcc/arm-none-eabi/4.9.3/../../../../arm-none-eabi/lib/armv7-m\libc.a(lib_a-mprec.o)
                0x0000cc88                __mprec_bigtens
 .rodata.tinytens
                0x0000ccb0       0x28 c:/nxp/lpcxpresso_8.0.0_526/lpcxpresso/tools/bin/../lib/gcc/arm-none-eabi/4.9.3/../../../../arm-none-eabi/lib/armv7-m\libc.a(lib_a-strtod.o)
 .rodata.fpinan.5307
                0x0000ccd8       0x14 c:/nxp/lpcxpresso_8.0.0_526/lpcxpresso/tools/bin/../lib/gcc/arm-none-eabi/4.9.3/../../../../arm-none-eabi/lib/armv7-m\libc.a(lib_a-strtod.o)
 .rodata.str1.4
                0x0000ccec       0x10 c:/nxp/lpcxpresso_8.0.0_526/lpcxpresso/tools/bin/../lib/gcc/arm-none-eabi/4.9.3/../../../../arm-none-eabi/lib/armv7-m\libc.a(lib_a-strtod.o)
                                  0xf (size before relaxing)
 .rodata.fpi.5271
                0x0000ccfc       0x14 c:/nxp/lpcxpresso_8.0.0_526/lpcxpresso/tools/bin/../lib/gcc/arm-none-eabi/4.9.3/../../../../arm-none-eabi/lib/armv7-m\libc.a(lib_a-strtod.o)
 .rodata.__hexdig
                0x0000cd10      0x100 c:/nxp/lpcxpresso_8.0.0_526/lpcxpresso/tools/bin/../lib/gcc/arm-none-eabi/4.9.3/../../../../arm-none-eabi/lib/armv7-m\libc.a(lib_a-gdtoa-gethex.o)
                0x0000cd10                __hexdig
                0x0000ce10                . = ALIGN (0x4)
                0x0000ce10                . = ALIGN (0x4)
 *(.init)
 .init          0x0000ce10        0x4 c:/nxp/lpcxpresso_8.0.0_526/lpcxpresso/tools/bin/../lib/gcc/arm-none-eabi/4.9.3/armv7-m\crti.o
                0x0000ce10                _init
 .init          0x0000ce14        0x8 c:/nxp/lpcxpresso_8.0.0_526/lpcxpresso/tools/bin/../lib/gcc/arm-none-eabi/4.9.3/armv7-m\crtn.o
                0x0000ce1c                . = ALIGN (0x4)
                0x0000ce1c                __preinit_array_start = .
 *(.preinit_array)
                0x0000ce1c                __preinit_array_end = .
                0x0000ce1c                . = ALIGN (0x4)
                0x0000ce1c                __init_array_start = .
 *(SORT(.init_array.*))
 *(.init_array)
 .init_array    0x0000ce1c        0x4 ./main.o
 .init_array    0x0000ce20        0x4 c:/nxp/lpcxpresso_8.0.0_526/lpcxpresso/tools/bin/../lib/gcc/arm-none-eabi/4.9.3/armv7-m\crtbegin.o
                0x0000ce24                __init_array_end = .
 *(.fini)
 .fini          0x0000ce24        0x4 c:/nxp/lpcxpresso_8.0.0_526/lpcxpresso/tools/bin/../lib/gcc/arm-none-eabi/4.9.3/armv7-m\crti.o
                0x0000ce24                _fini
 .fini          0x0000ce28        0x8 c:/nxp/lpcxpresso_8.0.0_526/lpcxpresso/tools/bin/../lib/gcc/arm-none-eabi/4.9.3/armv7-m\crtn.o
                0x0000ce30                . = ALIGN (0x4)
 *crtbegin.o(.ctors)
 *(EXCLUDE_FILE(*crtend.o) .ctors)
 *(SORT(.ctors.*))
 *crtend.o(.ctors)
                0x0000ce30                . = ALIGN (0x4)
 *crtbegin.o(.dtors)
 *(EXCLUDE_FILE(*crtend.o) .dtors)
 *(SORT(.dtors.*))
 *crtend.o(.dtors)

.glue_7         0x0000ce30        0x0
 .glue_7        0x00000000        0x0 linker stubs

.glue_7t        0x0000ce30        0x0
 .glue_7t       0x00000000        0x0 linker stubs

.vfp11_veneer   0x0000ce30        0x0
 .vfp11_veneer  0x00000000        0x0 linker stubs

.v4_bx          0x0000ce30        0x0
 .v4_bx         0x00000000        0x0 linker stubs

.iplt           0x0000ce30        0x0
 .iplt          0x00000000        0x0 ./main.o

.ARM.extab
 *(.ARM.extab* .gnu.linkonce.armextab.*)
                0x0000ce30                __exidx_start = .

.ARM.exidx      0x0000ce30        0x8
 *(.ARM.exidx* .gnu.linkonce.armexidx.*)
 .ARM.exidx     0x0000ce30        0x8 c:/nxp/lpcxpresso_8.0.0_526/lpcxpresso/tools/bin/../lib/gcc/arm-none-eabi/4.9.3/armv7-m\libgcc.a(_divdi3.o)
 .ARM.exidx     0x0000ce38        0x0 c:/nxp/lpcxpresso_8.0.0_526/lpcxpresso/tools/bin/../lib/gcc/arm-none-eabi/4.9.3/armv7-m\libgcc.a(_udivdi3.o)
                                  0x8 (size before relaxing)
                0x0000ce38                __exidx_end = .
                0x0000ce38                _etext = .

.rel.dyn        0x0000ce38        0x0
 .rel.iplt      0x00000000        0x0 ./main.o

.eh_frame       0x0000ce38        0x0
 .eh_frame      0x0000ce38        0x0 c:/nxp/lpcxpresso_8.0.0_526/lpcxpresso/tools/bin/../lib/gcc/arm-none-eabi/4.9.3/armv7-m\crtbegin.o

.data_RAM2      0x2007c000        0x0 load address 0x0000ce38
 FILL mask 0xff
 *(.data.$RAM2*)
 *(.data.$RamAHB32*)
                0x2007c000                . = ALIGN (0x4)

.uninit_RESERVED
 *(.bss.$RESERVED*)

.data           0x100000c8      0x8b0 load address 0x0000ce38
 FILL mask 0xff
                0x100000c8                _data = .
 *(vtable)
 *(.data*)
 .data.SystemCoreClock
                0x100000c8        0x4 D:/Dropbox/__Lab Dev/2016_mbed/mbed_UART0/mbed/TARGET_LPC1768/TOOLCHAIN_GCC_CR/system_LPC17xx.o
                0x100000c8                SystemCoreClock
 *fill*         0x100000cc        0x4 
 .data.impure_data
                0x100000d0      0x428 c:/nxp/lpcxpresso_8.0.0_526/lpcxpresso/tools/bin/../lib/gcc/arm-none-eabi/4.9.3/../../../../arm-none-eabi/lib/armv7-m\libc.a(lib_a-impure.o)
 .data._impure_ptr
                0x100004f8        0x4 c:/nxp/lpcxpresso_8.0.0_526/lpcxpresso/tools/bin/../lib/gcc/arm-none-eabi/4.9.3/../../../../arm-none-eabi/lib/armv7-m\libc.a(lib_a-impure.o)
                0x100004f8                _impure_ptr
 .data.__malloc_av_
                0x100004fc      0x408 c:/nxp/lpcxpresso_8.0.0_526/lpcxpresso/tools/bin/../lib/gcc/arm-none-eabi/4.9.3/../../../../arm-none-eabi/lib/armv7-m\libc.a(lib_a-mallocr.o)
                0x100004fc                __malloc_av_
 .data.__malloc_trim_threshold
                0x10000904        0x4 c:/nxp/lpcxpresso_8.0.0_526/lpcxpresso/tools/bin/../lib/gcc/arm-none-eabi/4.9.3/../../../../arm-none-eabi/lib/armv7-m\libc.a(lib_a-mallocr.o)
                0x10000904                __malloc_trim_threshold
 .data.__malloc_sbrk_base
                0x10000908        0x4 c:/nxp/lpcxpresso_8.0.0_526/lpcxpresso/tools/bin/../lib/gcc/arm-none-eabi/4.9.3/../../../../arm-none-eabi/lib/armv7-m\libc.a(lib_a-mallocr.o)
                0x10000908                __malloc_sbrk_base
 .data.__ctype_ptr__
                0x1000090c        0x4 c:/nxp/lpcxpresso_8.0.0_526/lpcxpresso/tools/bin/../lib/gcc/arm-none-eabi/4.9.3/../../../../arm-none-eabi/lib/armv7-m\libc.a(lib_a-ctype_.o)
                0x1000090c                __ctype_ptr__
 .data.lconv    0x10000910       0x38 c:/nxp/lpcxpresso_8.0.0_526/lpcxpresso/tools/bin/../lib/gcc/arm-none-eabi/4.9.3/../../../../arm-none-eabi/lib/armv7-m\libc.a(lib_a-locale.o)
 .data.lc_ctype_charset
                0x10000948       0x20 c:/nxp/lpcxpresso_8.0.0_526/lpcxpresso/tools/bin/../lib/gcc/arm-none-eabi/4.9.3/../../../../arm-none-eabi/lib/armv7-m\libc.a(lib_a-locale.o)
 .data.__mb_cur_max
                0x10000968        0x4 c:/nxp/lpcxpresso_8.0.0_526/lpcxpresso/tools/bin/../lib/gcc/arm-none-eabi/4.9.3/../../../../arm-none-eabi/lib/armv7-m\libc.a(lib_a-locale.o)
                0x10000968                __mb_cur_max
 .data.__mbtowc
                0x1000096c        0x4 c:/nxp/lpcxpresso_8.0.0_526/lpcxpresso/tools/bin/../lib/gcc/arm-none-eabi/4.9.3/../../../../arm-none-eabi/lib/armv7-m\libc.a(lib_a-mbtowc_r.o)
                0x1000096c                __mbtowc
 .data.__wctomb
                0x10000970        0x4 c:/nxp/lpcxpresso_8.0.0_526/lpcxpresso/tools/bin/../lib/gcc/arm-none-eabi/4.9.3/../../../../arm-none-eabi/lib/armv7-m\libc.a(lib_a-wctomb_r.o)
                0x10000970                __wctomb
 .data          0x10000974        0x4 c:/nxp/lpcxpresso_8.0.0_526/lpcxpresso/tools/bin/../lib/gcc/arm-none-eabi/4.9.3/armv7-m\crtbegin.o
                0x10000974                __dso_handle
                0x10000978                . = ALIGN (0x4)
                0x10000978                _edata = .

.igot.plt       0x10000978        0x0 load address 0x0000d6e8
 .igot.plt      0x00000000        0x0 ./main.o

.jcr            0x10000978        0x0 load address 0x0000d6e8
 .jcr           0x10000978        0x0 c:/nxp/lpcxpresso_8.0.0_526/lpcxpresso/tools/bin/../lib/gcc/arm-none-eabi/4.9.3/armv7-m\crtbegin.o

.bss_RAM2       0x2007c000        0x0
 *(.bss.$RAM2*)
 *(.bss.$RamAHB32*)
 *(AHBSRAM0)
                0x2007c000                . = ALIGN (0x4)

.bss_RAM3       0x20080000        0x0
 *(AHBSRAM1)
                0x20080000                . = ALIGN (0x4)

.bss            0x10000978      0x2c8
                0x10000978                _bss = .
 *(.bss*)
 .bss.serial    0x10000978       0x58 ./main.o
                0x10000978                serial
 .bss.adc0Val   0x100009d0        0x4 ./main.o
                0x100009d0                adc0Val
 .bss.CH1       0x100009d4        0x1 ./main.o
                0x100009d4                CH1
 *fill*         0x100009d5        0x3 
 .bss.CH2       0x100009d8        0x1 ./main.o
                0x100009d8                CH2
 *fill*         0x100009d9        0x3 
 .bss.ain0      0x100009dc        0x1 ./main.o
                0x100009dc                ain0
 *fill*         0x100009dd        0x3 
 .bss.ain1      0x100009e0        0x1 ./main.o
                0x100009e0                ain1
 *fill*         0x100009e1        0x3 
 .bss.ain2      0x100009e4        0x1 ./main.o
                0x100009e4                ain2
 *fill*         0x100009e5        0x3 
 .bss._ZL11filehandles
                0x100009e8      0x100 D:/Dropbox/__Lab Dev/2016_mbed/mbed_UART0/mbed/TARGET_LPC1768/TOOLCHAIN_GCC_CR/retarget.o
 .bss.stdio_uart_inited
                0x10000ae8        0x4 D:\Dropbox\__Lab Dev\2016_mbed\mbed_UART0\mbed\TARGET_LPC1768\TOOLCHAIN_GCC_CR\libmbed.a(serial_api.o)
                0x10000ae8                stdio_uart_inited
 .bss.irq_handler
                0x10000aec        0x4 D:\Dropbox\__Lab Dev\2016_mbed\mbed_UART0\mbed\TARGET_LPC1768\TOOLCHAIN_GCC_CR\libmbed.a(serial_api.o)
 .bss.uart_data
                0x10000af0       0xe0 D:\Dropbox\__Lab Dev\2016_mbed\mbed_UART0\mbed\TARGET_LPC1768\TOOLCHAIN_GCC_CR\libmbed.a(serial_api.o)
 .bss.us_ticker_inited
                0x10000bd0        0x4 D:\Dropbox\__Lab Dev\2016_mbed\mbed_UART0\mbed\TARGET_LPC1768\TOOLCHAIN_GCC_CR\libmbed.a(us_ticker.o)
                0x10000bd0                us_ticker_inited
 .bss._ZN4mbed8FileBase5_headE
                0x10000bd4        0x4 D:\Dropbox\__Lab Dev\2016_mbed\mbed_UART0\mbed\TARGET_LPC1768\TOOLCHAIN_GCC_CR\libmbed.a(FileBase.o)
                0x10000bd4                mbed::FileBase::_head
 .bss.events    0x10000bd8        0x8 D:\Dropbox\__Lab Dev\2016_mbed\mbed_UART0\mbed\TARGET_LPC1768\TOOLCHAIN_GCC_CR\libmbed.a(us_ticker_api.o)
 .bss.__malloc_max_total_mem
                0x10000be0        0x4 c:/nxp/lpcxpresso_8.0.0_526/lpcxpresso/tools/bin/../lib/gcc/arm-none-eabi/4.9.3/../../../../arm-none-eabi/lib/armv7-m\libc.a(lib_a-mallocr.o)
                0x10000be0                __malloc_max_total_mem
 .bss.__malloc_max_sbrked_mem
                0x10000be4        0x4 c:/nxp/lpcxpresso_8.0.0_526/lpcxpresso/tools/bin/../lib/gcc/arm-none-eabi/4.9.3/../../../../arm-none-eabi/lib/armv7-m\libc.a(lib_a-mallocr.o)
                0x10000be4                __malloc_max_sbrked_mem
 .bss.__malloc_top_pad
                0x10000be8        0x4 c:/nxp/lpcxpresso_8.0.0_526/lpcxpresso/tools/bin/../lib/gcc/arm-none-eabi/4.9.3/../../../../arm-none-eabi/lib/armv7-m\libc.a(lib_a-mallocr.o)
                0x10000be8                __malloc_top_pad
 .bss.__malloc_current_mallinfo
                0x10000bec       0x28 c:/nxp/lpcxpresso_8.0.0_526/lpcxpresso/tools/bin/../lib/gcc/arm-none-eabi/4.9.3/../../../../arm-none-eabi/lib/armv7-m\libc.a(lib_a-mallocr.o)
                0x10000bec                __malloc_current_mallinfo
 .bss           0x10000c14       0x1c c:/nxp/lpcxpresso_8.0.0_526/lpcxpresso/tools/bin/../lib/gcc/arm-none-eabi/4.9.3/armv7-m\crtbegin.o
 *(COMMON)
 COMMON         0x10000c30        0x8 D:\Dropbox\__Lab Dev\2016_mbed\mbed_UART0\mbed\TARGET_LPC1768\TOOLCHAIN_GCC_CR\libmbed.a(serial_api.o)
                0x10000c30                stdio_uart
 COMMON         0x10000c38        0x4 c:/nxp/lpcxpresso_8.0.0_526/lpcxpresso/tools/bin/../lib/gcc/arm-none-eabi/4.9.3/../../../../arm-none-eabi/lib/armv7-m\libc.a(lib_a-reent.o)
                0x10000c38                errno
 COMMON         0x10000c3c        0x4 c:/nxp/lpcxpresso_8.0.0_526/lpcxpresso/tools/bin/../lib/gcc/arm-none-eabi/4.9.3/../../../../arm-none-eabi/lib/armv7-m\libcr_newlib_nohost.a(_cr_sbrk.o)
                0x10000c3c                __end_of_heap
                0x10000c40                . = ALIGN (0x4)
                0x10000c40                _ebss = .
                0x10000c40                PROVIDE (end, .)
                0x10000c40                __end__ = .
                0x10000c40                PROVIDE (_pvHeapStart, .)
                0x10008000                PROVIDE (_vStackTop, (__top_RamLoc32 - 0x0))
OUTPUT(mbed_UART0.axf elf32-littlearm)

.debug_info     0x00000000     0x2a25
 .debug_info    0x00000000     0x288e ./main.o
 .debug_info    0x0000288e      0x12d c:/nxp/lpcxpresso_8.0.0_526/lpcxpresso/tools/bin/../lib/gcc/arm-none-eabi/4.9.3/../../../../arm-none-eabi/lib/armv7-m\libcr_newlib_nohost.a(_cr_sbrk.o)
 .debug_info    0x000029bb       0x6a c:/nxp/lpcxpresso_8.0.0_526/lpcxpresso/tools/bin/../lib/gcc/arm-none-eabi/4.9.3/../../../../arm-none-eabi/lib/armv7-m\libcr_newlib_nohost.a(_cr_check_heap.o)

.debug_abbrev   0x00000000      0x66f
 .debug_abbrev  0x00000000      0x517 ./main.o
 .debug_abbrev  0x00000517       0xf6 c:/nxp/lpcxpresso_8.0.0_526/lpcxpresso/tools/bin/../lib/gcc/arm-none-eabi/4.9.3/../../../../arm-none-eabi/lib/armv7-m\libcr_newlib_nohost.a(_cr_sbrk.o)
 .debug_abbrev  0x0000060d       0x62 c:/nxp/lpcxpresso_8.0.0_526/lpcxpresso/tools/bin/../lib/gcc/arm-none-eabi/4.9.3/../../../../arm-none-eabi/lib/armv7-m\libcr_newlib_nohost.a(_cr_check_heap.o)

.debug_aranges  0x00000000       0xc8
 .debug_aranges
                0x00000000       0x88 ./main.o
 .debug_aranges
                0x00000088       0x20 c:/nxp/lpcxpresso_8.0.0_526/lpcxpresso/tools/bin/../lib/gcc/arm-none-eabi/4.9.3/../../../../arm-none-eabi/lib/armv7-m\libcr_newlib_nohost.a(_cr_sbrk.o)
 .debug_aranges
                0x000000a8       0x20 c:/nxp/lpcxpresso_8.0.0_526/lpcxpresso/tools/bin/../lib/gcc/arm-none-eabi/4.9.3/../../../../arm-none-eabi/lib/armv7-m\libcr_newlib_nohost.a(_cr_check_heap.o)

.debug_ranges   0x00000000       0x98
 .debug_ranges  0x00000000       0x78 ./main.o
 .debug_ranges  0x00000078       0x10 c:/nxp/lpcxpresso_8.0.0_526/lpcxpresso/tools/bin/../lib/gcc/arm-none-eabi/4.9.3/../../../../arm-none-eabi/lib/armv7-m\libcr_newlib_nohost.a(_cr_sbrk.o)
 .debug_ranges  0x00000088       0x10 c:/nxp/lpcxpresso_8.0.0_526/lpcxpresso/tools/bin/../lib/gcc/arm-none-eabi/4.9.3/../../../../arm-none-eabi/lib/armv7-m\libcr_newlib_nohost.a(_cr_check_heap.o)

.debug_macro    0x00000000     0x3b44
 .debug_macro   0x00000000      0x54c ./main.o
 .debug_macro   0x0000054c      0x8e6 ./main.o
 .debug_macro   0x00000e32       0x10 ./main.o
 .debug_macro   0x00000e42       0x10 ./main.o
 .debug_macro   0x00000e52       0x9a ./main.o
 .debug_macro   0x00000eec       0x1c ./main.o
 .debug_macro   0x00000f08       0x3a ./main.o
 .debug_macro   0x00000f42       0x22 ./main.o
 .debug_macro   0x00000f64       0x44 ./main.o
 .debug_macro   0x00000fa8       0xe3 ./main.o
 .debug_macro   0x0000108b       0x22 ./main.o
 .debug_macro   0x000010ad      0x1df ./main.o
 .debug_macro   0x0000128c       0x34 ./main.o
 .debug_macro   0x000012c0      0xc91 ./main.o
 .debug_macro   0x00001f51      0x2c7 ./main.o
 .debug_macro   0x00002218       0x10 ./main.o
 .debug_macro   0x00002228       0x17 ./main.o
 .debug_macro   0x0000223f       0x9a ./main.o
 .debug_macro   0x000022d9       0x10 ./main.o
 .debug_macro   0x000022e9       0xef ./main.o
 .debug_macro   0x000023d8      0x337 ./main.o
 .debug_macro   0x0000270f      0x166 ./main.o
 .debug_macro   0x00002875       0x58 ./main.o
 .debug_macro   0x000028cd       0x35 ./main.o
 .debug_macro   0x00002902       0x9c ./main.o
 .debug_macro   0x0000299e       0x16 ./main.o
 .debug_macro   0x000029b4       0x35 ./main.o
 .debug_macro   0x000029e9       0x52 ./main.o
 .debug_macro   0x00002a3b       0x16 ./main.o
 .debug_macro   0x00002a51       0x43 ./main.o
 .debug_macro   0x00002a94      0x180 ./main.o
 .debug_macro   0x00002c14      0x2b2 ./main.o
 .debug_macro   0x00002ec6       0x16 ./main.o
 .debug_macro   0x00002edc       0x29 ./main.o
 .debug_macro   0x00002f05       0xac ./main.o
 .debug_macro   0x00002fb1       0x1c ./main.o
 .debug_macro   0x00002fcd       0x10 ./main.o
 .debug_macro   0x00002fdd       0x10 ./main.o
 .debug_macro   0x00002fed       0x22 ./main.o
 .debug_macro   0x0000300f       0xbe ./main.o
 .debug_macro   0x000030cd       0x16 ./main.o
 .debug_macro   0x000030e3      0x197 ./main.o
 .debug_macro   0x0000327a      0x100 ./main.o
 .debug_macro   0x0000337a       0x16 ./main.o
 .debug_macro   0x00003390       0x8e ./main.o
 .debug_macro   0x0000341e      0x1da ./main.o
 .debug_macro   0x000035f8       0x16 ./main.o
 .debug_macro   0x0000360e       0x10 ./main.o
 .debug_macro   0x0000361e       0x10 ./main.o
 .debug_macro   0x0000362e       0x10 ./main.o
 .debug_macro   0x0000363e       0x35 ./main.o
 .debug_macro   0x00003673       0x3a ./main.o
 .debug_macro   0x000036ad      0x1cd ./main.o
 .debug_macro   0x0000387a      0x128 ./main.o
 .debug_macro   0x000039a2       0x10 ./main.o
 .debug_macro   0x000039b2       0x7c ./main.o
 .debug_macro   0x00003a2e       0x52 ./main.o
 .debug_macro   0x00003a80       0x10 ./main.o
 .debug_macro   0x00003a90       0x5e ./main.o
 .debug_macro   0x00003aee       0x2e ./main.o
 .debug_macro   0x00003b1c       0x28 ./main.o

.debug_line     0x00000000      0xc01
 .debug_line    0x00000000      0xab3 ./main.o
 .debug_line    0x00000ab3      0x101 c:/nxp/lpcxpresso_8.0.0_526/lpcxpresso/tools/bin/../lib/gcc/arm-none-eabi/4.9.3/../../../../arm-none-eabi/lib/armv7-m\libcr_newlib_nohost.a(_cr_sbrk.o)
 .debug_line    0x00000bb4       0x4d c:/nxp/lpcxpresso_8.0.0_526/lpcxpresso/tools/bin/../lib/gcc/arm-none-eabi/4.9.3/../../../../arm-none-eabi/lib/armv7-m\libcr_newlib_nohost.a(_cr_check_heap.o)

.debug_str      0x00000000    0x1035e
 .debug_str     0x00000000    0x101c1 ./main.o
                              0x10565 (size before relaxing)
 .debug_str     0x000101c1      0x178 c:/nxp/lpcxpresso_8.0.0_526/lpcxpresso/tools/bin/../lib/gcc/arm-none-eabi/4.9.3/../../../../arm-none-eabi/lib/armv7-m\libcr_newlib_nohost.a(_cr_sbrk.o)
                                0x211 (size before relaxing)
 .debug_str     0x00010339       0x25 c:/nxp/lpcxpresso_8.0.0_526/lpcxpresso/tools/bin/../lib/gcc/arm-none-eabi/4.9.3/../../../../arm-none-eabi/lib/armv7-m\libcr_newlib_nohost.a(_cr_check_heap.o)
                                0x15f (size before relaxing)

.comment        0x00000000      0x150
 .comment       0x00000000       0x70 ./main.o
                                 0x71 (size before relaxing)
 .comment       0x00000070       0x70 D:/Dropbox/__Lab Dev/2016_mbed/mbed_UART0/mbed/TARGET_LPC1768/TOOLCHAIN_GCC_CR/board.o
                                 0x71 (size before relaxing)
 .comment       0x00000000       0x71 D:/Dropbox/__Lab Dev/2016_mbed/mbed_UART0/mbed/TARGET_LPC1768/TOOLCHAIN_GCC_CR/cmsis_nvic.o
 .comment       0x00000000       0x71 D:/Dropbox/__Lab Dev/2016_mbed/mbed_UART0/mbed/TARGET_LPC1768/TOOLCHAIN_GCC_CR/retarget.o
 .comment       0x00000000       0x71 D:/Dropbox/__Lab Dev/2016_mbed/mbed_UART0/mbed/TARGET_LPC1768/TOOLCHAIN_GCC_CR/startup_LPC17xx.o
 .comment       0x00000000       0x71 D:/Dropbox/__Lab Dev/2016_mbed/mbed_UART0/mbed/TARGET_LPC1768/TOOLCHAIN_GCC_CR/system_LPC17xx.o
 .comment       0x00000000       0x71 D:\Dropbox\__Lab Dev\2016_mbed\mbed_UART0\mbed\TARGET_LPC1768\TOOLCHAIN_GCC_CR\libmbed.a(analogin_api.o)
 .comment       0x00000000       0x71 D:\Dropbox\__Lab Dev\2016_mbed\mbed_UART0\mbed\TARGET_LPC1768\TOOLCHAIN_GCC_CR\libmbed.a(serial_api.o)
 .comment       0x00000000       0x71 D:\Dropbox\__Lab Dev\2016_mbed\mbed_UART0\mbed\TARGET_LPC1768\TOOLCHAIN_GCC_CR\libmbed.a(FilePath.o)
 .comment       0x00000000       0x71 D:\Dropbox\__Lab Dev\2016_mbed\mbed_UART0\mbed\TARGET_LPC1768\TOOLCHAIN_GCC_CR\libmbed.a(Serial.o)
 .comment       0x00000000       0x71 D:\Dropbox\__Lab Dev\2016_mbed\mbed_UART0\mbed\TARGET_LPC1768\TOOLCHAIN_GCC_CR\libmbed.a(SerialBase.o)
 .comment       0x00000000       0x71 D:\Dropbox\__Lab Dev\2016_mbed\mbed_UART0\mbed\TARGET_LPC1768\TOOLCHAIN_GCC_CR\libmbed.a(Stream.o)
 .comment       0x00000000       0x71 D:\Dropbox\__Lab Dev\2016_mbed\mbed_UART0\mbed\TARGET_LPC1768\TOOLCHAIN_GCC_CR\libmbed.a(assert.o)
 .comment       0x00000000       0x71 D:\Dropbox\__Lab Dev\2016_mbed\mbed_UART0\mbed\TARGET_LPC1768\TOOLCHAIN_GCC_CR\libmbed.a(error.o)
 .comment       0x00000000       0x71 D:\Dropbox\__Lab Dev\2016_mbed\mbed_UART0\mbed\TARGET_LPC1768\TOOLCHAIN_GCC_CR\libmbed.a(gpio.o)
 .comment       0x00000000       0x71 D:\Dropbox\__Lab Dev\2016_mbed\mbed_UART0\mbed\TARGET_LPC1768\TOOLCHAIN_GCC_CR\libmbed.a(mbed_interface.o)
 .comment       0x00000000       0x71 D:\Dropbox\__Lab Dev\2016_mbed\mbed_UART0\mbed\TARGET_LPC1768\TOOLCHAIN_GCC_CR\libmbed.a(pinmap_common.o)
 .comment       0x00000000       0x71 D:\Dropbox\__Lab Dev\2016_mbed\mbed_UART0\mbed\TARGET_LPC1768\TOOLCHAIN_GCC_CR\libmbed.a(semihost_api.o)
 .comment       0x00000000       0x71 D:\Dropbox\__Lab Dev\2016_mbed\mbed_UART0\mbed\TARGET_LPC1768\TOOLCHAIN_GCC_CR\libmbed.a(wait_api.o)
 .comment       0x00000000       0x71 D:\Dropbox\__Lab Dev\2016_mbed\mbed_UART0\mbed\TARGET_LPC1768\TOOLCHAIN_GCC_CR\libmbed.a(gpio_api.o)
 .comment       0x00000000       0x71 D:\Dropbox\__Lab Dev\2016_mbed\mbed_UART0\mbed\TARGET_LPC1768\TOOLCHAIN_GCC_CR\libmbed.a(pinmap.o)
 .comment       0x00000000       0x71 D:\Dropbox\__Lab Dev\2016_mbed\mbed_UART0\mbed\TARGET_LPC1768\TOOLCHAIN_GCC_CR\libmbed.a(us_ticker.o)
 .comment       0x00000000       0x71 D:\Dropbox\__Lab Dev\2016_mbed\mbed_UART0\mbed\TARGET_LPC1768\TOOLCHAIN_GCC_CR\libmbed.a(FileBase.o)
 .comment       0x00000000       0x71 D:\Dropbox\__Lab Dev\2016_mbed\mbed_UART0\mbed\TARGET_LPC1768\TOOLCHAIN_GCC_CR\libmbed.a(FileLike.o)